Archive member included to satisfy reference by file (symbol)

/opt/st/stm32cubeide_1.12.1/plugins/com.st.stm32cube.ide.mcu.externaltools.gnu-tools-for-stm32.10.3-2021.10.linux64_1.0.200.202301161003/tools/bin/../lib/gcc/arm-none-eabi/10.3.1/../../../../arm-none-eabi/lib/thumb/v7e-m+fp/hard/libc_nano.a(lib_a-errno.o)
                              ./Core/Src/syscalls.o (__errno)
/opt/st/stm32cubeide_1.12.1/plugins/com.st.stm32cube.ide.mcu.externaltools.gnu-tools-for-stm32.10.3-2021.10.linux64_1.0.200.202301161003/tools/bin/../lib/gcc/arm-none-eabi/10.3.1/../../../../arm-none-eabi/lib/thumb/v7e-m+fp/hard/libc_nano.a(lib_a-exit.o)
                              /opt/st/stm32cubeide_1.12.1/plugins/com.st.stm32cube.ide.mcu.externaltools.gnu-tools-for-stm32.10.3-2021.10.linux64_1.0.200.202301161003/tools/bin/../lib/gcc/arm-none-eabi/10.3.1/../../../../arm-none-eabi/lib/thumb/v7e-m+fp/hard/crt0.o (exit)
/opt/st/stm32cubeide_1.12.1/plugins/com.st.stm32cube.ide.mcu.externaltools.gnu-tools-for-stm32.10.3-2021.10.linux64_1.0.200.202301161003/tools/bin/../lib/gcc/arm-none-eabi/10.3.1/../../../../arm-none-eabi/lib/thumb/v7e-m+fp/hard/libc_nano.a(lib_a-impure.o)
                              /opt/st/stm32cubeide_1.12.1/plugins/com.st.stm32cube.ide.mcu.externaltools.gnu-tools-for-stm32.10.3-2021.10.linux64_1.0.200.202301161003/tools/bin/../lib/gcc/arm-none-eabi/10.3.1/../../../../arm-none-eabi/lib/thumb/v7e-m+fp/hard/libc_nano.a(lib_a-exit.o) (_global_impure_ptr)
/opt/st/stm32cubeide_1.12.1/plugins/com.st.stm32cube.ide.mcu.externaltools.gnu-tools-for-stm32.10.3-2021.10.linux64_1.0.200.202301161003/tools/bin/../lib/gcc/arm-none-eabi/10.3.1/../../../../arm-none-eabi/lib/thumb/v7e-m+fp/hard/libc_nano.a(lib_a-init.o)
                              /opt/st/stm32cubeide_1.12.1/plugins/com.st.stm32cube.ide.mcu.externaltools.gnu-tools-for-stm32.10.3-2021.10.linux64_1.0.200.202301161003/tools/bin/../lib/gcc/arm-none-eabi/10.3.1/../../../../arm-none-eabi/lib/thumb/v7e-m+fp/hard/crt0.o (__libc_init_array)
/opt/st/stm32cubeide_1.12.1/plugins/com.st.stm32cube.ide.mcu.externaltools.gnu-tools-for-stm32.10.3-2021.10.linux64_1.0.200.202301161003/tools/bin/../lib/gcc/arm-none-eabi/10.3.1/../../../../arm-none-eabi/lib/thumb/v7e-m+fp/hard/libc_nano.a(lib_a-memcmp.o)
                              ./third_party/Segger/OS/SEGGER_SYSVIEW_FreeRTOS.o (memcmp)
/opt/st/stm32cubeide_1.12.1/plugins/com.st.stm32cube.ide.mcu.externaltools.gnu-tools-for-stm32.10.3-2021.10.linux64_1.0.200.202301161003/tools/bin/../lib/gcc/arm-none-eabi/10.3.1/../../../../arm-none-eabi/lib/thumb/v7e-m+fp/hard/libc_nano.a(lib_a-memcpy-stub.o)
                              ./third_party/FreeRtos/queue.o (memcpy)
/opt/st/stm32cubeide_1.12.1/plugins/com.st.stm32cube.ide.mcu.externaltools.gnu-tools-for-stm32.10.3-2021.10.linux64_1.0.200.202301161003/tools/bin/../lib/gcc/arm-none-eabi/10.3.1/../../../../arm-none-eabi/lib/thumb/v7e-m+fp/hard/libc_nano.a(lib_a-memset.o)
                              /opt/st/stm32cubeide_1.12.1/plugins/com.st.stm32cube.ide.mcu.externaltools.gnu-tools-for-stm32.10.3-2021.10.linux64_1.0.200.202301161003/tools/bin/../lib/gcc/arm-none-eabi/10.3.1/../../../../arm-none-eabi/lib/thumb/v7e-m+fp/hard/crt0.o (memset)
/opt/st/stm32cubeide_1.12.1/plugins/com.st.stm32cube.ide.mcu.externaltools.gnu-tools-for-stm32.10.3-2021.10.linux64_1.0.200.202301161003/tools/bin/../lib/gcc/arm-none-eabi/10.3.1/../../../../arm-none-eabi/lib/thumb/v7e-m+fp/hard/libc_nano.a(lib_a-strlen.o)
                              ./third_party/Segger/SEGGER/SEGGER_RTT.o (strlen)
/opt/st/stm32cubeide_1.12.1/plugins/com.st.stm32cube.ide.mcu.externaltools.gnu-tools-for-stm32.10.3-2021.10.linux64_1.0.200.202301161003/tools/bin/../lib/gcc/arm-none-eabi/10.3.1/thumb/v7e-m+fp/hard/libgcc.a(_aeabi_uldivmod.o)
                              ./Drivers/STM32F4xx_HAL_Driver/Src/stm32f4xx_hal_rcc.o (__aeabi_uldivmod)
/opt/st/stm32cubeide_1.12.1/plugins/com.st.stm32cube.ide.mcu.externaltools.gnu-tools-for-stm32.10.3-2021.10.linux64_1.0.200.202301161003/tools/bin/../lib/gcc/arm-none-eabi/10.3.1/thumb/v7e-m+fp/hard/libgcc.a(_udivmoddi4.o)
                              /opt/st/stm32cubeide_1.12.1/plugins/com.st.stm32cube.ide.mcu.externaltools.gnu-tools-for-stm32.10.3-2021.10.linux64_1.0.200.202301161003/tools/bin/../lib/gcc/arm-none-eabi/10.3.1/thumb/v7e-m+fp/hard/libgcc.a(_aeabi_uldivmod.o) (__udivmoddi4)
/opt/st/stm32cubeide_1.12.1/plugins/com.st.stm32cube.ide.mcu.externaltools.gnu-tools-for-stm32.10.3-2021.10.linux64_1.0.200.202301161003/tools/bin/../lib/gcc/arm-none-eabi/10.3.1/thumb/v7e-m+fp/hard/libgcc.a(_dvmd_tls.o)
                              /opt/st/stm32cubeide_1.12.1/plugins/com.st.stm32cube.ide.mcu.externaltools.gnu-tools-for-stm32.10.3-2021.10.linux64_1.0.200.202301161003/tools/bin/../lib/gcc/arm-none-eabi/10.3.1/thumb/v7e-m+fp/hard/libgcc.a(_aeabi_uldivmod.o) (__aeabi_ldiv0)

Discarded input sections

[...]
Memory Configuration

Name             Origin             Length             Attributes
CCMRAM           0x0000000010000000 0x0000000000010000 xrw
RAM              0x0000000020000000 0x0000000000020000 xrw
FLASH            0x0000000008000000 0x0000000000100000 xr
*default*        0x0000000000000000 0xffffffffffffffff

Linker script and memory map

LOAD /opt/st/stm32cubeide_1.12.1/plugins/com.st.stm32cube.ide.mcu.externaltools.gnu-tools-for-stm32.10.3-2021.10.linux64_1.0.200.202301161003/tools/bin/../lib/gcc/arm-none-eabi/10.3.1/thumb/v7e-m+fp/hard/crti.o
LOAD /opt/st/stm32cubeide_1.12.1/plugins/com.st.stm32cube.ide.mcu.externaltools.gnu-tools-for-stm32.10.3-2021.10.linux64_1.0.200.202301161003/tools/bin/../lib/gcc/arm-none-eabi/10.3.1/thumb/v7e-m+fp/hard/crtbegin.o
LOAD /opt/st/stm32cubeide_1.12.1/plugins/com.st.stm32cube.ide.mcu.externaltools.gnu-tools-for-stm32.10.3-2021.10.linux64_1.0.200.202301161003/tools/bin/../lib/gcc/arm-none-eabi/10.3.1/../../../../arm-none-eabi/lib/thumb/v7e-m+fp/hard/crt0.o
LOAD ./Core/Src/main.o
LOAD ./Core/Src/stm32f4xx_hal_msp.o
LOAD ./Core/Src/stm32f4xx_hal_timebase_tim.o
LOAD ./Core/Src/stm32f4xx_it.o
LOAD ./Core/Src/syscalls.o
LOAD ./Core/Src/sysmem.o
LOAD ./Core/Src/system_stm32f4xx.o
LOAD ./Core/Startup/startup_stm32f407vgtx.o
LOAD ./Drivers/STM32F4xx_HAL_Driver/Src/stm32f4xx_hal.o
LOAD ./Drivers/STM32F4xx_HAL_Driver/Src/stm32f4xx_hal_cortex.o
LOAD ./Drivers/STM32F4xx_HAL_Driver/Src/stm32f4xx_hal_dma.o
LOAD ./Drivers/STM32F4xx_HAL_Driver/Src/stm32f4xx_hal_dma_ex.o
LOAD ./Drivers/STM32F4xx_HAL_Driver/Src/stm32f4xx_hal_exti.o
LOAD ./Drivers/STM32F4xx_HAL_Driver/Src/stm32f4xx_hal_flash.o
LOAD ./Drivers/STM32F4xx_HAL_Driver/Src/stm32f4xx_hal_flash_ex.o
LOAD ./Drivers/STM32F4xx_HAL_Driver/Src/stm32f4xx_hal_flash_ramfunc.o
LOAD ./Drivers/STM32F4xx_HAL_Driver/Src/stm32f4xx_hal_gpio.o
LOAD ./Drivers/STM32F4xx_HAL_Driver/Src/stm32f4xx_hal_pwr.o
LOAD ./Drivers/STM32F4xx_HAL_Driver/Src/stm32f4xx_hal_pwr_ex.o
LOAD ./Drivers/STM32F4xx_HAL_Driver/Src/stm32f4xx_hal_rcc.o
LOAD ./Drivers/STM32F4xx_HAL_Driver/Src/stm32f4xx_hal_rcc_ex.o
LOAD ./Drivers/STM32F4xx_HAL_Driver/Src/stm32f4xx_hal_tim.o
LOAD ./Drivers/STM32F4xx_HAL_Driver/Src/stm32f4xx_hal_tim_ex.o
LOAD ./third_party/FreeRtos/croutine.o
LOAD ./third_party/FreeRtos/event_groups.o
LOAD ./third_party/FreeRtos/list.o
LOAD ./third_party/FreeRtos/queue.o
LOAD ./third_party/FreeRtos/stream_buffer.o
LOAD ./third_party/FreeRtos/tasks.o
LOAD ./third_party/FreeRtos/timers.o
LOAD ./third_party/FreeRtos/portable/GCC/ARM_CM4F/port.o
LOAD ./third_party/FreeRtos/portable/MemMang/heap_4.o
LOAD ./third_party/Segger/Config/SEGGER_SYSVIEW_Config_FreeRTOS.o
LOAD ./third_party/Segger/OS/SEGGER_SYSVIEW_FreeRTOS.o
LOAD ./third_party/Segger/SEGGER/SEGGER_RTT.o
LOAD ./third_party/Segger/SEGGER/SEGGER_RTT_ASM_ARMv7M.o
LOAD ./third_party/Segger/SEGGER/SEGGER_RTT_printf.o
LOAD ./third_party/Segger/SEGGER/SEGGER_SYSVIEW.o
LOAD ./third_party/Segger/SEGGER/Syscalls/SEGGER_RTT_Syscalls_GCC.o
LOAD ./third_party/Segger/SEGGER/Syscalls/SEGGER_RTT_Syscalls_IAR.o
LOAD ./third_party/Segger/SEGGER/Syscalls/SEGGER_RTT_Syscalls_KEIL.o
LOAD ./third_party/Segger/SEGGER/Syscalls/SEGGER_RTT_Syscalls_SES.o
LOAD ./third_party/Segger/serial/segger_uart.o
START GROUP
LOAD /opt/st/stm32cubeide_1.12.1/plugins/com.st.stm32cube.ide.mcu.externaltools.gnu-tools-for-stm32.10.3-2021.10.linux64_1.0.200.202301161003/tools/bin/../lib/gcc/arm-none-eabi/10.3.1/../../../../arm-none-eabi/lib/thumb/v7e-m+fp/hard/libc_nano.a
LOAD /opt/st/stm32cubeide_1.12.1/plugins/com.st.stm32cube.ide.mcu.externaltools.gnu-tools-for-stm32.10.3-2021.10.linux64_1.0.200.202301161003/tools/bin/../lib/gcc/arm-none-eabi/10.3.1/../../../../arm-none-eabi/lib/thumb/v7e-m+fp/hard/libm.a
END GROUP
START GROUP
LOAD /opt/st/stm32cubeide_1.12.1/plugins/com.st.stm32cube.ide.mcu.externaltools.gnu-tools-for-stm32.10.3-2021.10.linux64_1.0.200.202301161003/tools/bin/../lib/gcc/arm-none-eabi/10.3.1/thumb/v7e-m+fp/hard/libgcc.a
LOAD /opt/st/stm32cubeide_1.12.1/plugins/com.st.stm32cube.ide.mcu.externaltools.gnu-tools-for-stm32.10.3-2021.10.linux64_1.0.200.202301161003/tools/bin/../lib/gcc/arm-none-eabi/10.3.1/../../../../arm-none-eabi/lib/thumb/v7e-m+fp/hard/libc_nano.a
END GROUP
START GROUP
LOAD /opt/st/stm32cubeide_1.12.1/plugins/com.st.stm32cube.ide.mcu.externaltools.gnu-tools-for-stm32.10.3-2021.10.linux64_1.0.200.202301161003/tools/bin/../lib/gcc/arm-none-eabi/10.3.1/thumb/v7e-m+fp/hard/libgcc.a
LOAD /opt/st/stm32cubeide_1.12.1/plugins/com.st.stm32cube.ide.mcu.externaltools.gnu-tools-for-stm32.10.3-2021.10.linux64_1.0.200.202301161003/tools/bin/../lib/gcc/arm-none-eabi/10.3.1/../../../../arm-none-eabi/lib/thumb/v7e-m+fp/hard/libc_nano.a
LOAD /opt/st/stm32cubeide_1.12.1/plugins/com.st.stm32cube.ide.mcu.externaltools.gnu-tools-for-stm32.10.3-2021.10.linux64_1.0.200.202301161003/tools/bin/../lib/gcc/arm-none-eabi/10.3.1/../../../../arm-none-eabi/lib/thumb/v7e-m+fp/hard/libnosys.a
END GROUP
START GROUP
LOAD /opt/st/stm32cubeide_1.12.1/plugins/com.st.stm32cube.ide.mcu.externaltools.gnu-tools-for-stm32.10.3-2021.10.linux64_1.0.200.202301161003/tools/bin/../lib/gcc/arm-none-eabi/10.3.1/thumb/v7e-m+fp/hard/libgcc.a
LOAD /opt/st/stm32cubeide_1.12.1/plugins/com.st.stm32cube.ide.mcu.externaltools.gnu-tools-for-stm32.10.3-2021.10.linux64_1.0.200.202301161003/tools/bin/../lib/gcc/arm-none-eabi/10.3.1/../../../../arm-none-eabi/lib/thumb/v7e-m+fp/hard/libc_nano.a
LOAD /opt/st/stm32cubeide_1.12.1/plugins/com.st.stm32cube.ide.mcu.externaltools.gnu-tools-for-stm32.10.3-2021.10.linux64_1.0.200.202301161003/tools/bin/../lib/gcc/arm-none-eabi/10.3.1/../../../../arm-none-eabi/lib/thumb/v7e-m+fp/hard/libnosys.a
END GROUP
LOAD /opt/st/stm32cubeide_1.12.1/plugins/com.st.stm32cube.ide.mcu.externaltools.gnu-tools-for-stm32.10.3-2021.10.linux64_1.0.200.202301161003/tools/bin/../lib/gcc/arm-none-eabi/10.3.1/thumb/v7e-m+fp/hard/crtend.o
LOAD /opt/st/stm32cubeide_1.12.1/plugins/com.st.stm32cube.ide.mcu.externaltools.gnu-tools-for-stm32.10.3-2021.10.linux64_1.0.200.202301161003/tools/bin/../lib/gcc/arm-none-eabi/10.3.1/thumb/v7e-m+fp/hard/crtn.o
                0x0000000020020000                _estack = (ORIGIN (RAM) + LENGTH (RAM))
                0x0000000000000200                _Min_Heap_Size = 0x200
                0x0000000000000400                _Min_Stack_Size = 0x400

.isr_vector     0x0000000008000000      0x188
                0x0000000008000000                . = ALIGN (0x4)
 *(.isr_vector)
 .isr_vector    0x0000000008000000      0x188 ./Core/Startup/startup_stm32f407vgtx.o
                0x0000000008000000                g_pfnVectors
                0x0000000008000188                . = ALIGN (0x4)

.text           0x0000000008000190     0x5e98
                0x0000000008000190                . = ALIGN (0x4)
 *(.text)
 .text          0x0000000008000190       0x40 /opt/st/stm32cubeide_1.12.1/plugins/com.st.stm32cube.ide.mcu.externaltools.gnu-tools-for-stm32.10.3-2021.10.linux64_1.0.200.202301161003/tools/bin/../lib/gcc/arm-none-eabi/10.3.1/thumb/v7e-m+fp/hard/crtbegin.o
 .text          0x00000000080001d0       0x94 ./third_party/Segger/SEGGER/SEGGER_RTT_ASM_ARMv7M.o
                0x00000000080001d0                SEGGER_RTT_ASM_WriteSkipNoLock
 .text          0x0000000008000264       0x30 /opt/st/stm32cubeide_1.12.1/plugins/com.st.stm32cube.ide.mcu.externaltools.gnu-tools-for-stm32.10.3-2021.10.linux64_1.0.200.202301161003/tools/bin/../lib/gcc/arm-none-eabi/10.3.1/thumb/v7e-m+fp/hard/libgcc.a(_aeabi_uldivmod.o)
                0x0000000008000264                __aeabi_uldivmod
 .text          0x0000000008000294      0x2d0 /opt/st/stm32cubeide_1.12.1/plugins/com.st.stm32cube.ide.mcu.externaltools.gnu-tools-for-stm32.10.3-2021.10.linux64_1.0.200.202301161003/tools/bin/../lib/gcc/arm-none-eabi/10.3.1/thumb/v7e-m+fp/hard/libgcc.a(_udivmoddi4.o)
                0x0000000008000294                __udivmoddi4
 .text          0x0000000008000564        0x4 /opt/st/stm32cubeide_1.12.1/plugins/com.st.stm32cube.ide.mcu.externaltools.gnu-tools-for-stm32.10.3-2021.10.linux64_1.0.200.202301161003/tools/bin/../lib/gcc/arm-none-eabi/10.3.1/thumb/v7e-m+fp/hard/libgcc.a(_dvmd_tls.o)
                0x0000000008000564                __aeabi_ldiv0
                0x0000000008000564                __aeabi_idiv0
 *(.text*)
 .text.task1    0x0000000008000568       0x20 ./Core/Src/main.o
                0x0000000008000568                task1
 .text.task2    0x0000000008000588       0x20 ./Core/Src/main.o
                0x0000000008000588                task2
 .text.task3    0x00000000080005a8       0x20 ./Core/Src/main.o
                0x00000000080005a8                task3
 .text.task4    0x00000000080005c8       0x20 ./Core/Src/main.o
                0x00000000080005c8                task4
 .text.main     0x00000000080005e8       0xa0 ./Core/Src/main.o
                0x00000000080005e8                main
 .text.SystemClock_Config
                0x0000000008000688       0xd4 ./Core/Src/main.o
                0x0000000008000688                SystemClock_Config
 .text.MX_GPIO_Init
                0x000000000800075c       0x68 ./Core/Src/main.o
 .text.HAL_TIM_PeriodElapsedCallback
                0x00000000080007c4       0x24 ./Core/Src/main.o
                0x00000000080007c4                HAL_TIM_PeriodElapsedCallback
 .text.Error_Handler
                0x00000000080007e8        0xa ./Core/Src/main.o
                0x00000000080007e8                Error_Handler
 *fill*         0x00000000080007f2        0x2 
 .text.HAL_MspInit
                0x00000000080007f4       0x50 ./Core/Src/stm32f4xx_hal_msp.o
                0x00000000080007f4                HAL_MspInit
 .text.HAL_InitTick
                0x0000000008000844       0xf8 ./Core/Src/stm32f4xx_hal_timebase_tim.o
                0x0000000008000844                HAL_InitTick
 .text.NMI_Handler
                0x000000000800093c        0x6 ./Core/Src/stm32f4xx_it.o
                0x000000000800093c                NMI_Handler
 .text.HardFault_Handler
                0x0000000008000942        0x6 ./Core/Src/stm32f4xx_it.o
                0x0000000008000942                HardFault_Handler
 .text.MemManage_Handler
                0x0000000008000948        0x6 ./Core/Src/stm32f4xx_it.o
                0x0000000008000948                MemManage_Handler
 .text.BusFault_Handler
                0x000000000800094e        0x6 ./Core/Src/stm32f4xx_it.o
                0x000000000800094e                BusFault_Handler
 .text.UsageFault_Handler
                0x0000000008000954        0x6 ./Core/Src/stm32f4xx_it.o
                0x0000000008000954                UsageFault_Handler
 .text.DebugMon_Handler
                0x000000000800095a        0xe ./Core/Src/stm32f4xx_it.o
                0x000000000800095a                DebugMon_Handler
 .text.TIM5_IRQHandler
                0x0000000008000968       0x14 ./Core/Src/stm32f4xx_it.o
                0x0000000008000968                TIM5_IRQHandler
 .text.SystemInit
                0x000000000800097c       0x24 ./Core/Src/system_stm32f4xx.o
                0x000000000800097c                SystemInit
 .text.Reset_Handler
                0x00000000080009a0       0x50 ./Core/Startup/startup_stm32f407vgtx.o
                0x00000000080009a0                Reset_Handler
 .text.Default_Handler
                0x00000000080009f0        0x2 ./Core/Startup/startup_stm32f407vgtx.o
                0x00000000080009f0                RTC_Alarm_IRQHandler
                0x00000000080009f0                HASH_RNG_IRQHandler
                0x00000000080009f0                EXTI2_IRQHandler
                0x00000000080009f0                TIM8_CC_IRQHandler
                0x00000000080009f0                TIM1_CC_IRQHandler
                0x00000000080009f0                DMA2_Stream5_IRQHandler
                0x00000000080009f0                DMA1_Stream5_IRQHandler
                0x00000000080009f0                PVD_IRQHandler
                0x00000000080009f0                SDIO_IRQHandler
                0x00000000080009f0                TAMP_STAMP_IRQHandler
                0x00000000080009f0                CAN2_RX1_IRQHandler
                0x00000000080009f0                EXTI3_IRQHandler
                0x00000000080009f0                TIM8_TRG_COM_TIM14_IRQHandler
                0x00000000080009f0                TIM1_UP_TIM10_IRQHandler
                0x00000000080009f0                TIM8_UP_TIM13_IRQHandler
                0x00000000080009f0                I2C3_ER_IRQHandler
                0x00000000080009f0                EXTI0_IRQHandler
                0x00000000080009f0                I2C2_EV_IRQHandler
                0x00000000080009f0                DMA1_Stream2_IRQHandler
                0x00000000080009f0                CAN1_RX0_IRQHandler
                0x00000000080009f0                FPU_IRQHandler
                0x00000000080009f0                OTG_HS_WKUP_IRQHandler
                0x00000000080009f0                CAN2_SCE_IRQHandler
                0x00000000080009f0                DMA2_Stream2_IRQHandler
                0x00000000080009f0                SPI1_IRQHandler
                0x00000000080009f0                TIM6_DAC_IRQHandler
                0x00000000080009f0                TIM1_BRK_TIM9_IRQHandler
                0x00000000080009f0                DCMI_IRQHandler
                0x00000000080009f0                CAN2_RX0_IRQHandler
                0x00000000080009f0                DMA2_Stream3_IRQHandler
                0x00000000080009f0                USART6_IRQHandler
                0x00000000080009f0                USART3_IRQHandler
                0x00000000080009f0                CAN1_RX1_IRQHandler
                0x00000000080009f0                UART5_IRQHandler
                0x00000000080009f0                DMA2_Stream0_IRQHandler
                0x00000000080009f0                TIM4_IRQHandler
                0x00000000080009f0                I2C1_EV_IRQHandler
                0x00000000080009f0                DMA1_Stream6_IRQHandler
                0x00000000080009f0                DMA1_Stream1_IRQHandler
                0x00000000080009f0                UART4_IRQHandler
                0x00000000080009f0                TIM3_IRQHandler
                0x00000000080009f0                RCC_IRQHandler
                0x00000000080009f0                TIM8_BRK_TIM12_IRQHandler
                0x00000000080009f0                Default_Handler
                0x00000000080009f0                EXTI15_10_IRQHandler
                0x00000000080009f0                ADC_IRQHandler
                0x00000000080009f0                DMA1_Stream7_IRQHandler
                0x00000000080009f0                TIM7_IRQHandler
                0x00000000080009f0                CAN2_TX_IRQHandler
                0x00000000080009f0                DMA2_Stream7_IRQHandler
                0x00000000080009f0                I2C3_EV_IRQHandler
                0x00000000080009f0                EXTI9_5_IRQHandler
                0x00000000080009f0                RTC_WKUP_IRQHandler
                0x00000000080009f0                ETH_WKUP_IRQHandler
                0x00000000080009f0                SPI2_IRQHandler
                0x00000000080009f0                OTG_HS_EP1_IN_IRQHandler
                0x00000000080009f0                DMA1_Stream0_IRQHandler
                0x00000000080009f0                CAN1_TX_IRQHandler
                0x00000000080009f0                EXTI4_IRQHandler
                0x00000000080009f0                FSMC_IRQHandler
                0x00000000080009f0                ETH_IRQHandler
                0x00000000080009f0                OTG_HS_EP1_OUT_IRQHandler
                0x00000000080009f0                WWDG_IRQHandler
                0x00000000080009f0                TIM2_IRQHandler
                0x00000000080009f0                OTG_FS_WKUP_IRQHandler
                0x00000000080009f0                TIM1_TRG_COM_TIM11_IRQHandler
                0x00000000080009f0                OTG_HS_IRQHandler
                0x00000000080009f0                EXTI1_IRQHandler
                0x00000000080009f0                I2C2_ER_IRQHandler
                0x00000000080009f0                DMA2_Stream1_IRQHandler
                0x00000000080009f0                CAN1_SCE_IRQHandler
                0x00000000080009f0                FLASH_IRQHandler
                0x00000000080009f0                DMA2_Stream4_IRQHandler
                0x00000000080009f0                USART1_IRQHandler
                0x00000000080009f0                OTG_FS_IRQHandler
                0x00000000080009f0                SPI3_IRQHandler
                0x00000000080009f0                DMA1_Stream4_IRQHandler
                0x00000000080009f0                I2C1_ER_IRQHandler
                0x00000000080009f0                DMA2_Stream6_IRQHandler
                0x00000000080009f0                DMA1_Stream3_IRQHandler
 *fill*         0x00000000080009f2        0x2 
 .text.HAL_Init
                0x00000000080009f4       0x44 ./Drivers/STM32F4xx_HAL_Driver/Src/stm32f4xx_hal.o
                0x00000000080009f4                HAL_Init
 .text.HAL_IncTick
                0x0000000008000a38       0x28 ./Drivers/STM32F4xx_HAL_Driver/Src/stm32f4xx_hal.o
                0x0000000008000a38                HAL_IncTick
 .text.HAL_GetTick
                0x0000000008000a60       0x18 ./Drivers/STM32F4xx_HAL_Driver/Src/stm32f4xx_hal.o
                0x0000000008000a60                HAL_GetTick
 .text.__NVIC_SetPriorityGrouping
                0x0000000008000a78       0x48 ./Drivers/STM32F4xx_HAL_Driver/Src/stm32f4xx_hal_cortex.o
 .text.__NVIC_GetPriorityGrouping
                0x0000000008000ac0       0x1c ./Drivers/STM32F4xx_HAL_Driver/Src/stm32f4xx_hal_cortex.o
 .text.__NVIC_EnableIRQ
                0x0000000008000adc       0x3c ./Drivers/STM32F4xx_HAL_Driver/Src/stm32f4xx_hal_cortex.o
 .text.__NVIC_SetPriority
                0x0000000008000b18       0x54 ./Drivers/STM32F4xx_HAL_Driver/Src/stm32f4xx_hal_cortex.o
 .text.NVIC_EncodePriority
                0x0000000008000b6c       0x66 ./Drivers/STM32F4xx_HAL_Driver/Src/stm32f4xx_hal_cortex.o
 .text.HAL_NVIC_SetPriorityGrouping
                0x0000000008000bd2       0x16 ./Drivers/STM32F4xx_HAL_Driver/Src/stm32f4xx_hal_cortex.o
                0x0000000008000bd2                HAL_NVIC_SetPriorityGrouping
 .text.HAL_NVIC_SetPriority
                0x0000000008000be8       0x38 ./Drivers/STM32F4xx_HAL_Driver/Src/stm32f4xx_hal_cortex.o
                0x0000000008000be8                HAL_NVIC_SetPriority
 .text.HAL_NVIC_EnableIRQ
                0x0000000008000c20       0x1c ./Drivers/STM32F4xx_HAL_Driver/Src/stm32f4xx_hal_cortex.o
                0x0000000008000c20                HAL_NVIC_EnableIRQ
 .text.HAL_GPIO_Init
                0x0000000008000c3c      0x338 ./Drivers/STM32F4xx_HAL_Driver/Src/stm32f4xx_hal_gpio.o
                0x0000000008000c3c                HAL_GPIO_Init
 .text.HAL_GPIO_WritePin
                0x0000000008000f74       0x32 ./Drivers/STM32F4xx_HAL_Driver/Src/stm32f4xx_hal_gpio.o
                0x0000000008000f74                HAL_GPIO_WritePin
 .text.HAL_GPIO_TogglePin
                0x0000000008000fa6       0x34 ./Drivers/STM32F4xx_HAL_Driver/Src/stm32f4xx_hal_gpio.o
                0x0000000008000fa6                HAL_GPIO_TogglePin
 *fill*         0x0000000008000fda        0x2 
 .text.HAL_RCC_OscConfig
                0x0000000008000fdc      0x4f0 ./Drivers/STM32F4xx_HAL_Driver/Src/stm32f4xx_hal_rcc.o
                0x0000000008000fdc                HAL_RCC_OscConfig
 .text.HAL_RCC_ClockConfig
                0x00000000080014cc      0x1cc ./Drivers/STM32F4xx_HAL_Driver/Src/stm32f4xx_hal_rcc.o
                0x00000000080014cc                HAL_RCC_ClockConfig
 .text.HAL_RCC_GetSysClockFreq
                0x0000000008001698      0x18c ./Drivers/STM32F4xx_HAL_Driver/Src/stm32f4xx_hal_rcc.o
                0x0000000008001698                HAL_RCC_GetSysClockFreq
 .text.HAL_RCC_GetHCLKFreq
                0x0000000008001824       0x18 ./Drivers/STM32F4xx_HAL_Driver/Src/stm32f4xx_hal_rcc.o
                0x0000000008001824                HAL_RCC_GetHCLKFreq
 .text.HAL_RCC_GetPCLK1Freq
                0x000000000800183c       0x28 ./Drivers/STM32F4xx_HAL_Driver/Src/stm32f4xx_hal_rcc.o
                0x000000000800183c                HAL_RCC_GetPCLK1Freq
 .text.HAL_RCC_GetClockConfig
                0x0000000008001864       0x64 ./Drivers/STM32F4xx_HAL_Driver/Src/stm32f4xx_hal_rcc.o
                0x0000000008001864                HAL_RCC_GetClockConfig
 .text.HAL_TIM_Base_Init
                0x00000000080018c8       0x9e ./Drivers/STM32F4xx_HAL_Driver/Src/stm32f4xx_hal_tim.o
                0x00000000080018c8                HAL_TIM_Base_Init
 .text.HAL_TIM_Base_MspInit
                0x0000000008001966       0x14 ./Drivers/STM32F4xx_HAL_Driver/Src/stm32f4xx_hal_tim.o
                0x0000000008001966                HAL_TIM_Base_MspInit
 *fill*         0x000000000800197a        0x2 
 .text.HAL_TIM_Base_Start_IT
                0x000000000800197c       0xe0 ./Drivers/STM32F4xx_HAL_Driver/Src/stm32f4xx_hal_tim.o
                0x000000000800197c                HAL_TIM_Base_Start_IT
 .text.HAL_TIM_IRQHandler
                0x0000000008001a5c      0x210 ./Drivers/STM32F4xx_HAL_Driver/Src/stm32f4xx_hal_tim.o
                0x0000000008001a5c                HAL_TIM_IRQHandler
 .text.HAL_TIM_OC_DelayElapsedCallback
                0x0000000008001c6c       0x14 ./Drivers/STM32F4xx_HAL_Driver/Src/stm32f4xx_hal_tim.o
                0x0000000008001c6c                HAL_TIM_OC_DelayElapsedCallback
 .text.HAL_TIM_IC_CaptureCallback
                0x0000000008001c80       0x14 ./Drivers/STM32F4xx_HAL_Driver/Src/stm32f4xx_hal_tim.o
                0x0000000008001c80                HAL_TIM_IC_CaptureCallback
 .text.HAL_TIM_PWM_PulseFinishedCallback
                0x0000000008001c94       0x14 ./Drivers/STM32F4xx_HAL_Driver/Src/stm32f4xx_hal_tim.o
                0x0000000008001c94                HAL_TIM_PWM_PulseFinishedCallback
 .text.HAL_TIM_TriggerCallback
                0x0000000008001ca8       0x14 ./Drivers/STM32F4xx_HAL_Driver/Src/stm32f4xx_hal_tim.o
                0x0000000008001ca8                HAL_TIM_TriggerCallback
 .text.TIM_Base_SetConfig
                0x0000000008001cbc      0x140 ./Drivers/STM32F4xx_HAL_Driver/Src/stm32f4xx_hal_tim.o
                0x0000000008001cbc                TIM_Base_SetConfig
 .text.HAL_TIMEx_CommutCallback
                0x0000000008001dfc       0x14 ./Drivers/STM32F4xx_HAL_Driver/Src/stm32f4xx_hal_tim_ex.o
                0x0000000008001dfc                HAL_TIMEx_CommutCallback
 .text.HAL_TIMEx_BreakCallback
                0x0000000008001e10       0x14 ./Drivers/STM32F4xx_HAL_Driver/Src/stm32f4xx_hal_tim_ex.o
                0x0000000008001e10                HAL_TIMEx_BreakCallback
 .text.vListInitialise
                0x0000000008001e24       0x40 ./third_party/FreeRtos/list.o
                0x0000000008001e24                vListInitialise
 .text.vListInitialiseItem
                0x0000000008001e64       0x1a ./third_party/FreeRtos/list.o
                0x0000000008001e64                vListInitialiseItem
 .text.vListInsert
                0x0000000008001e7e       0x72 ./third_party/FreeRtos/list.o
                0x0000000008001e7e                vListInsert
 .text.uxListRemove
                0x0000000008001ef0       0x54 ./third_party/FreeRtos/list.o
                0x0000000008001ef0                uxListRemove
 .text.xQueueGenericReset
                0x0000000008001f44      0x120 ./third_party/FreeRtos/queue.o
                0x0000000008001f44                xQueueGenericReset
 .text.xQueueGenericCreate
                0x0000000008002064       0x9c ./third_party/FreeRtos/queue.o
                0x0000000008002064                xQueueGenericCreate
 .text.prvInitialiseNewQueue
                0x0000000008002100       0x52 ./third_party/FreeRtos/queue.o
 *fill*         0x0000000008002152        0x2 
 .text.xQueueReceive
                0x0000000008002154      0x220 ./third_party/FreeRtos/queue.o
                0x0000000008002154                xQueueReceive
 .text.prvCopyDataFromQueue
                0x0000000008002374       0x4c ./third_party/FreeRtos/queue.o
 .text.prvUnlockQueue
                0x00000000080023c0       0xa4 ./third_party/FreeRtos/queue.o
 .text.prvIsQueueEmpty
                0x0000000008002464       0x2c ./third_party/FreeRtos/queue.o
 .text.vQueueAddToRegistry
                0x0000000008002490       0xac ./third_party/FreeRtos/queue.o
                0x0000000008002490                vQueueAddToRegistry
 .text.vQueueWaitForMessageRestricted
                0x000000000800253c       0x68 ./third_party/FreeRtos/queue.o
                0x000000000800253c                vQueueWaitForMessageRestricted
 .text.xTaskCreate
                0x00000000080025a4       0x8c ./third_party/FreeRtos/tasks.o
                0x00000000080025a4                xTaskCreate
 .text.prvInitialiseNewTask
                0x0000000008002630      0x11c ./third_party/FreeRtos/tasks.o
 .text.prvAddNewTaskToReadyList
                0x000000000800274c      0x168 ./third_party/FreeRtos/tasks.o
 .text.vTaskDelay
                0x00000000080028b4       0x70 ./third_party/FreeRtos/tasks.o
                0x00000000080028b4                vTaskDelay
 .text.vTaskStartScheduler
                0x0000000008002924       0xc4 ./third_party/FreeRtos/tasks.o
                0x0000000008002924                vTaskStartScheduler
 .text.vTaskSuspendAll
                0x00000000080029e8       0x1c ./third_party/FreeRtos/tasks.o
                0x00000000080029e8                vTaskSuspendAll
 .text.xTaskResumeAll
                0x0000000008002a04      0x200 ./third_party/FreeRtos/tasks.o
                0x0000000008002a04                xTaskResumeAll
 .text.xTaskGetTickCount
                0x0000000008002c04       0x20 ./third_party/FreeRtos/tasks.o
                0x0000000008002c04                xTaskGetTickCount
 .text.xTaskGetTickCountFromISR
                0x0000000008002c24       0x24 ./third_party/FreeRtos/tasks.o
                0x0000000008002c24                xTaskGetTickCountFromISR
 .text.xTaskIncrementTick
                0x0000000008002c48      0x234 ./third_party/FreeRtos/tasks.o
                0x0000000008002c48                xTaskIncrementTick
 .text.vTaskSwitchContext
                0x0000000008002e7c       0xd4 ./third_party/FreeRtos/tasks.o
                0x0000000008002e7c                vTaskSwitchContext
 .text.vTaskPlaceOnEventList
                0x0000000008002f50       0x48 ./third_party/FreeRtos/tasks.o
                0x0000000008002f50                vTaskPlaceOnEventList
 .text.vTaskPlaceOnEventListRestricted
                0x0000000008002f98       0x90 ./third_party/FreeRtos/tasks.o
                0x0000000008002f98                vTaskPlaceOnEventListRestricted
 .text.xTaskRemoveFromEventList
                0x0000000008003028      0x1b0 ./third_party/FreeRtos/tasks.o
                0x0000000008003028                xTaskRemoveFromEventList
 .text.vTaskInternalSetTimeOutState
                0x00000000080031d8       0x2c ./third_party/FreeRtos/tasks.o
                0x00000000080031d8                vTaskInternalSetTimeOutState
 .text.xTaskCheckForTimeOut
                0x0000000008003204       0xcc ./third_party/FreeRtos/tasks.o
                0x0000000008003204                xTaskCheckForTimeOut
 .text.vTaskMissedYield
                0x00000000080032d0       0x18 ./third_party/FreeRtos/tasks.o
                0x00000000080032d0                vTaskMissedYield
 .text.prvIdleTask
                0x00000000080032e8       0x30 ./third_party/FreeRtos/tasks.o
 .text.prvInitialiseTaskLists
                0x0000000008003318       0x80 ./third_party/FreeRtos/tasks.o
 .text.prvCheckTasksWaitingTermination
                0x0000000008003398       0x5c ./third_party/FreeRtos/tasks.o
 .text.prvDeleteTCB
                0x00000000080033f4       0x20 ./third_party/FreeRtos/tasks.o
 .text.prvResetNextTaskUnblockTime
                0x0000000008003414       0x38 ./third_party/FreeRtos/tasks.o
 .text.xTaskGetSchedulerState
                0x000000000800344c       0x3c ./third_party/FreeRtos/tasks.o
                0x000000000800344c                xTaskGetSchedulerState
 .text.prvAddCurrentTaskToDelayedList
                0x0000000008003488      0x124 ./third_party/FreeRtos/tasks.o
 .text.xTimerCreateTimerTask
                0x00000000080035ac       0x64 ./third_party/FreeRtos/timers.o
                0x00000000080035ac                xTimerCreateTimerTask
 .text.prvReloadTimer
                0x0000000008003610       0x42 ./third_party/FreeRtos/timers.o
 *fill*         0x0000000008003652        0x2 
 .text.prvProcessExpiredTimer
                0x0000000008003654       0x60 ./third_party/FreeRtos/timers.o
 .text.prvTimerTask
                0x00000000080036b4       0x24 ./third_party/FreeRtos/timers.o
 .text.prvProcessTimerOrBlockTask
                0x00000000080036d8       0x9c ./third_party/FreeRtos/timers.o
 .text.prvGetNextExpireTime
                0x0000000008003774       0x48 ./third_party/FreeRtos/timers.o
 .text.prvSampleTimeNow
                0x00000000080037bc       0x40 ./third_party/FreeRtos/timers.o
 .text.prvInsertTimerInActiveList
                0x00000000080037fc       0x84 ./third_party/FreeRtos/timers.o
 .text.prvProcessReceivedCommands
                0x0000000008003880      0x17c ./third_party/FreeRtos/timers.o
 .text.prvSwitchTimerLists
                0x00000000080039fc       0x4c ./third_party/FreeRtos/timers.o
 .text.prvCheckForValidListAndQueue
                0x0000000008003a48       0x6c ./third_party/FreeRtos/timers.o
 .text.pxPortInitialiseStack
                0x0000000008003ab4       0x68 ./third_party/FreeRtos/portable/GCC/ARM_CM4F/port.o
                0x0000000008003ab4                pxPortInitialiseStack
 .text.prvTaskExitError
                0x0000000008003b1c       0x58 ./third_party/FreeRtos/portable/GCC/ARM_CM4F/port.o
 *fill*         0x0000000008003b74        0xc 
 .text.SVC_Handler
                0x0000000008003b80       0x28 ./third_party/FreeRtos/portable/GCC/ARM_CM4F/port.o
                0x0000000008003b80                SVC_Handler
 .text.prvPortStartFirstTask
                0x0000000008003ba8       0x2c ./third_party/FreeRtos/portable/GCC/ARM_CM4F/port.o
 .text.xPortStartScheduler
                0x0000000008003bd4      0x144 ./third_party/FreeRtos/portable/GCC/ARM_CM4F/port.o
                0x0000000008003bd4                xPortStartScheduler
 .text.vInitPrioGroupValue
                0x0000000008003d18       0xfc ./third_party/FreeRtos/portable/GCC/ARM_CM4F/port.o
                0x0000000008003d18                vInitPrioGroupValue
 .text.vPortEnterCritical
                0x0000000008003e14       0x60 ./third_party/FreeRtos/portable/GCC/ARM_CM4F/port.o
                0x0000000008003e14                vPortEnterCritical
 .text.vPortExitCritical
                0x0000000008003e74       0x54 ./third_party/FreeRtos/portable/GCC/ARM_CM4F/port.o
                0x0000000008003e74                vPortExitCritical
 *fill*         0x0000000008003ec8        0x8 
 .text.PendSV_Handler
                0x0000000008003ed0       0x68 ./third_party/FreeRtos/portable/GCC/ARM_CM4F/port.o
                0x0000000008003ed0                PendSV_Handler
 .text.SysTick_Handler
                0x0000000008003f38       0x54 ./third_party/FreeRtos/portable/GCC/ARM_CM4F/port.o
                0x0000000008003f38                SysTick_Handler
 .text.vPortSetupTimerInterrupt
                0x0000000008003f8c       0x48 ./third_party/FreeRtos/portable/GCC/ARM_CM4F/port.o
                0x0000000008003f8c                vPortSetupTimerInterrupt
 .text.vPortEnableVFP
                0x0000000008003fd4       0x18 ./third_party/FreeRtos/portable/GCC/ARM_CM4F/port.o
 .text.vPortValidateInterruptPriority
                0x0000000008003fec       0x80 ./third_party/FreeRtos/portable/GCC/ARM_CM4F/port.o
                0x0000000008003fec                vPortValidateInterruptPriority
 .text.pvPortMalloc
                0x000000000800406c      0x174 ./third_party/FreeRtos/portable/MemMang/heap_4.o
                0x000000000800406c                pvPortMalloc
 .text.vPortFree
                0x00000000080041e0       0xb8 ./third_party/FreeRtos/portable/MemMang/heap_4.o
                0x00000000080041e0                vPortFree
 .text.prvHeapInit
                0x0000000008004298       0xb8 ./third_party/FreeRtos/portable/MemMang/heap_4.o
 .text.prvInsertBlockIntoFreeList
                0x0000000008004350       0xb4 ./third_party/FreeRtos/portable/MemMang/heap_4.o
 .text._cbSendSystemDesc
                0x0000000008004404       0x1c ./third_party/Segger/Config/SEGGER_SYSVIEW_Config_FreeRTOS.o
 .text.SEGGER_SYSVIEW_Conf
                0x0000000008004420       0x2c ./third_party/Segger/Config/SEGGER_SYSVIEW_Config_FreeRTOS.o
                0x0000000008004420                SEGGER_SYSVIEW_Conf
 .text._cbSendTaskList
                0x000000000800444c       0x90 ./third_party/Segger/OS/SEGGER_SYSVIEW_FreeRTOS.o
 .text._cbGetTime
                0x00000000080044dc       0x86 ./third_party/Segger/OS/SEGGER_SYSVIEW_FreeRTOS.o
 *fill*         0x0000000008004562        0x2 
 .text.SYSVIEW_AddTask
                0x0000000008004564       0xd0 ./third_party/Segger/OS/SEGGER_SYSVIEW_FreeRTOS.o
                0x0000000008004564                SYSVIEW_AddTask
 .text.SYSVIEW_SendTaskInfo
                0x0000000008004634       0x42 ./third_party/Segger/OS/SEGGER_SYSVIEW_FreeRTOS.o
                0x0000000008004634                SYSVIEW_SendTaskInfo
 *fill*         0x0000000008004676        0x2 
 .text._DoInit  0x0000000008004678       0xb4 ./third_party/Segger/SEGGER/SEGGER_RTT.o
 .text.SEGGER_RTT_ReadNoLock
                0x000000000800472c      0x10c ./third_party/Segger/SEGGER/SEGGER_RTT.o
                0x000000000800472c                SEGGER_RTT_ReadNoLock
 .text.SEGGER_RTT_AllocUpBuffer
                0x0000000008004838      0x108 ./third_party/Segger/SEGGER/SEGGER_RTT.o
                0x0000000008004838                SEGGER_RTT_AllocUpBuffer
 .text.SEGGER_RTT_ConfigDownBuffer
                0x0000000008004940       0x98 ./third_party/Segger/SEGGER/SEGGER_RTT.o
                0x0000000008004940                SEGGER_RTT_ConfigDownBuffer
 .text._EncodeStr
                0x00000000080049d8       0x60 ./third_party/Segger/SEGGER/SEGGER_SYSVIEW.o
 .text._PreparePacket
                0x0000000008004a38       0x18 ./third_party/Segger/SEGGER/SEGGER_SYSVIEW.o
 .text._HandleIncomingPacket
                0x0000000008004a50       0xe0 ./third_party/Segger/SEGGER/SEGGER_SYSVIEW.o
 .text._TrySendOverflowPacket
                0x0000000008004b30       0xe8 ./third_party/Segger/SEGGER/SEGGER_SYSVIEW.o
 .text._SendPacket
                0x0000000008004c18      0x2e0 ./third_party/Segger/SEGGER/SEGGER_SYSVIEW.o
 .text.SEGGER_SYSVIEW_Init
                0x0000000008004ef8       0x88 ./third_party/Segger/SEGGER/SEGGER_SYSVIEW.o
                0x0000000008004ef8                SEGGER_SYSVIEW_Init
 .text.SEGGER_SYSVIEW_SetRAMBase
                0x0000000008004f80       0x20 ./third_party/Segger/SEGGER/SEGGER_SYSVIEW.o
                0x0000000008004f80                SEGGER_SYSVIEW_SetRAMBase
 .text.SEGGER_SYSVIEW_RecordVoid
                0x0000000008004fa0       0x3c ./third_party/Segger/SEGGER/SEGGER_SYSVIEW.o
                0x0000000008004fa0                SEGGER_SYSVIEW_RecordVoid
 .text.SEGGER_SYSVIEW_RecordU32
                0x0000000008004fdc       0x78 ./third_party/Segger/SEGGER/SEGGER_SYSVIEW.o
                0x0000000008004fdc                SEGGER_SYSVIEW_RecordU32
 .text.SEGGER_SYSVIEW_RecordU32x2
                0x0000000008005054       0xb4 ./third_party/Segger/SEGGER/SEGGER_SYSVIEW.o
                0x0000000008005054                SEGGER_SYSVIEW_RecordU32x2
 .text.SEGGER_SYSVIEW_RecordU32x3
                0x0000000008005108       0xec ./third_party/Segger/SEGGER/SEGGER_SYSVIEW.o
                0x0000000008005108                SEGGER_SYSVIEW_RecordU32x3
 .text.SEGGER_SYSVIEW_RecordU32x4
                0x00000000080051f4      0x124 ./third_party/Segger/SEGGER/SEGGER_SYSVIEW.o
                0x00000000080051f4                SEGGER_SYSVIEW_RecordU32x4
 .text.SEGGER_SYSVIEW_Start
                0x0000000008005318      0x178 ./third_party/Segger/SEGGER/SEGGER_SYSVIEW.o
                0x0000000008005318                SEGGER_SYSVIEW_Start
 .text.SEGGER_SYSVIEW_Stop
                0x0000000008005490       0x4c ./third_party/Segger/SEGGER/SEGGER_SYSVIEW.o
                0x0000000008005490                SEGGER_SYSVIEW_Stop
 .text.SEGGER_SYSVIEW_GetSysDesc
                0x00000000080054dc      0x134 ./third_party/Segger/SEGGER/SEGGER_SYSVIEW.o
                0x00000000080054dc                SEGGER_SYSVIEW_GetSysDesc
 .text.SEGGER_SYSVIEW_SendTaskInfo
                0x0000000008005610      0x1c8 ./third_party/Segger/SEGGER/SEGGER_SYSVIEW.o
                0x0000000008005610                SEGGER_SYSVIEW_SendTaskInfo
 .text.SEGGER_SYSVIEW_SendTaskList
                0x00000000080057d8       0x28 ./third_party/Segger/SEGGER/SEGGER_SYSVIEW.o
                0x00000000080057d8                SEGGER_SYSVIEW_SendTaskList
 .text.SEGGER_SYSVIEW_SendSysDesc
                0x0000000008005800       0x48 ./third_party/Segger/SEGGER/SEGGER_SYSVIEW.o
                0x0000000008005800                SEGGER_SYSVIEW_SendSysDesc
 .text.SEGGER_SYSVIEW_RecordSystime
                0x0000000008005848       0x64 ./third_party/Segger/SEGGER/SEGGER_SYSVIEW.o
                0x0000000008005848                SEGGER_SYSVIEW_RecordSystime
 .text.SEGGER_SYSVIEW_RecordEnterISR
                0x00000000080058ac       0x84 ./third_party/Segger/SEGGER/SEGGER_SYSVIEW.o
                0x00000000080058ac                SEGGER_SYSVIEW_RecordEnterISR
 .text.SEGGER_SYSVIEW_RecordExitISR
                0x0000000008005930       0x38 ./third_party/Segger/SEGGER/SEGGER_SYSVIEW.o
                0x0000000008005930                SEGGER_SYSVIEW_RecordExitISR
 .text.SEGGER_SYSVIEW_RecordExitISRToScheduler
                0x0000000008005968       0x38 ./third_party/Segger/SEGGER/SEGGER_SYSVIEW.o
                0x0000000008005968                SEGGER_SYSVIEW_RecordExitISRToScheduler
 .text.SEGGER_SYSVIEW_OnIdle
                0x00000000080059a0       0x38 ./third_party/Segger/SEGGER/SEGGER_SYSVIEW.o
                0x00000000080059a0                SEGGER_SYSVIEW_OnIdle
 .text.SEGGER_SYSVIEW_OnTaskCreate
                0x00000000080059d8       0x84 ./third_party/Segger/SEGGER/SEGGER_SYSVIEW.o
                0x00000000080059d8                SEGGER_SYSVIEW_OnTaskCreate
 .text.SEGGER_SYSVIEW_OnTaskStartExec
                0x0000000008005a5c       0x84 ./third_party/Segger/SEGGER/SEGGER_SYSVIEW.o
                0x0000000008005a5c                SEGGER_SYSVIEW_OnTaskStartExec
 .text.SEGGER_SYSVIEW_OnTaskStartReady
                0x0000000008005ae0       0x84 ./third_party/Segger/SEGGER/SEGGER_SYSVIEW.o
                0x0000000008005ae0                SEGGER_SYSVIEW_OnTaskStartReady
 .text.SEGGER_SYSVIEW_OnTaskStopReady
                0x0000000008005b64       0xc0 ./third_party/Segger/SEGGER/SEGGER_SYSVIEW.o
                0x0000000008005b64                SEGGER_SYSVIEW_OnTaskStopReady
 .text.SEGGER_SYSVIEW_ShrinkId
                0x0000000008005c24       0x20 ./third_party/Segger/SEGGER/SEGGER_SYSVIEW.o
                0x0000000008005c24                SEGGER_SYSVIEW_ShrinkId
 .text.SEGGER_SYSVIEW_SendModule
                0x0000000008005c44      0x114 ./third_party/Segger/SEGGER/SEGGER_SYSVIEW.o
                0x0000000008005c44                SEGGER_SYSVIEW_SendModule
 .text.SEGGER_SYSVIEW_SendModuleDescription
                0x0000000008005d58       0x3c ./third_party/Segger/SEGGER/SEGGER_SYSVIEW.o
                0x0000000008005d58                SEGGER_SYSVIEW_SendModuleDescription
 .text.SEGGER_SYSVIEW_SendNumModules
                0x0000000008005d94       0x7c ./third_party/Segger/SEGGER/SEGGER_SYSVIEW.o
                0x0000000008005d94                SEGGER_SYSVIEW_SendNumModules
 .text.SEGGER_SYSVIEW_Warn
                0x0000000008005e10       0xb8 ./third_party/Segger/SEGGER/SEGGER_SYSVIEW.o
                0x0000000008005e10                SEGGER_SYSVIEW_Warn
 .text.USART2_IRQHandler
                0x0000000008005ec8       0x94 ./third_party/Segger/serial/segger_uart.o
                0x0000000008005ec8                USART2_IRQHandler
 .text.HIF_UART_EnableTXEInterrupt
                0x0000000008005f5c       0x20 ./third_party/Segger/serial/segger_uart.o
                0x0000000008005f5c                HIF_UART_EnableTXEInterrupt
 .text.__libc_init_array
                0x0000000008005f7c       0x48 /opt/st/stm32cubeide_1.12.1/plugins/com.st.stm32cube.ide.mcu.externaltools.gnu-tools-for-stm32.10.3-2021.10.linux64_1.0.200.202301161003/tools/bin/../lib/gcc/arm-none-eabi/10.3.1/../../../../arm-none-eabi/lib/thumb/v7e-m+fp/hard/libc_nano.a(lib_a-init.o)
                0x0000000008005f7c                __libc_init_array
 .text.memcmp   0x0000000008005fc4       0x20 /opt/st/stm32cubeide_1.12.1/plugins/com.st.stm32cube.ide.mcu.externaltools.gnu-tools-for-stm32.10.3-2021.10.linux64_1.0.200.202301161003/tools/bin/../lib/gcc/arm-none-eabi/10.3.1/../../../../arm-none-eabi/lib/thumb/v7e-m+fp/hard/libc_nano.a(lib_a-memcmp.o)
                0x0000000008005fc4                memcmp
 .text.memcpy   0x0000000008005fe4       0x1c /opt/st/stm32cubeide_1.12.1/plugins/com.st.stm32cube.ide.mcu.externaltools.gnu-tools-for-stm32.10.3-2021.10.linux64_1.0.200.202301161003/tools/bin/../lib/gcc/arm-none-eabi/10.3.1/../../../../arm-none-eabi/lib/thumb/v7e-m+fp/hard/libc_nano.a(lib_a-memcpy-stub.o)
                0x0000000008005fe4                memcpy
 .text.memset   0x0000000008006000       0x10 /opt/st/stm32cubeide_1.12.1/plugins/com.st.stm32cube.ide.mcu.externaltools.gnu-tools-for-stm32.10.3-2021.10.linux64_1.0.200.202301161003/tools/bin/../lib/gcc/arm-none-eabi/10.3.1/../../../../arm-none-eabi/lib/thumb/v7e-m+fp/hard/libc_nano.a(lib_a-memset.o)
                0x0000000008006000                memset
 *(.glue_7)
 .glue_7        0x0000000008006010        0x0 linker stubs
 *(.glue_7t)
 .glue_7t       0x0000000008006010        0x0 linker stubs
 *(.eh_frame)
 .eh_frame      0x0000000008006010        0x0 /opt/st/stm32cubeide_1.12.1/plugins/com.st.stm32cube.ide.mcu.externaltools.gnu-tools-for-stm32.10.3-2021.10.linux64_1.0.200.202301161003/tools/bin/../lib/gcc/arm-none-eabi/10.3.1/thumb/v7e-m+fp/hard/crtbegin.o
 *(.init)
 .init          0x0000000008006010        0x4 /opt/st/stm32cubeide_1.12.1/plugins/com.st.stm32cube.ide.mcu.externaltools.gnu-tools-for-stm32.10.3-2021.10.linux64_1.0.200.202301161003/tools/bin/../lib/gcc/arm-none-eabi/10.3.1/thumb/v7e-m+fp/hard/crti.o
                0x0000000008006010                _init
 .init          0x0000000008006014        0x8 /opt/st/stm32cubeide_1.12.1/plugins/com.st.stm32cube.ide.mcu.externaltools.gnu-tools-for-stm32.10.3-2021.10.linux64_1.0.200.202301161003/tools/bin/../lib/gcc/arm-none-eabi/10.3.1/thumb/v7e-m+fp/hard/crtn.o
 *(.fini)
 .fini          0x000000000800601c        0x4 /opt/st/stm32cubeide_1.12.1/plugins/com.st.stm32cube.ide.mcu.externaltools.gnu-tools-for-stm32.10.3-2021.10.linux64_1.0.200.202301161003/tools/bin/../lib/gcc/arm-none-eabi/10.3.1/thumb/v7e-m+fp/hard/crti.o
                0x000000000800601c                _fini
 .fini          0x0000000008006020        0x8 /opt/st/stm32cubeide_1.12.1/plugins/com.st.stm32cube.ide.mcu.externaltools.gnu-tools-for-stm32.10.3-2021.10.linux64_1.0.200.202301161003/tools/bin/../lib/gcc/arm-none-eabi/10.3.1/thumb/v7e-m+fp/hard/crtn.o
                0x0000000008006028                . = ALIGN (0x4)
                0x0000000008006028                _etext = .

.vfp11_veneer   0x0000000008006028        0x0
 .vfp11_veneer  0x0000000008006028        0x0 linker stubs

.v4_bx          0x0000000008006028        0x0
 .v4_bx         0x0000000008006028        0x0 linker stubs

.iplt           0x0000000008006028        0x0
 .iplt          0x0000000008006028        0x0 /opt/st/stm32cubeide_1.12.1/plugins/com.st.stm32cube.ide.mcu.externaltools.gnu-tools-for-stm32.10.3-2021.10.linux64_1.0.200.202301161003/tools/bin/../lib/gcc/arm-none-eabi/10.3.1/thumb/v7e-m+fp/hard/crtbegin.o

.rodata         0x0000000008006028      0x12c
                0x0000000008006028                . = ALIGN (0x4)
 *(.rodata)
 .rodata        0x0000000008006028       0x1e ./Core/Src/main.o
 *fill*         0x0000000008006046        0x2 
 .rodata        0x0000000008006048        0x5 ./third_party/FreeRtos/tasks.o
 *fill*         0x000000000800604d        0x3 
 .rodata        0x0000000008006050        0xd ./third_party/FreeRtos/timers.o
 *fill*         0x000000000800605d        0x3 
 .rodata        0x0000000008006060       0x3d ./third_party/Segger/Config/SEGGER_SYSVIEW_Config_FreeRTOS.o
 *fill*         0x000000000800609d        0x3 
 .rodata        0x00000000080060a0       0x58 ./third_party/Segger/OS/SEGGER_SYSVIEW_FreeRTOS.o
 .rodata        0x00000000080060f8        0x9 ./third_party/Segger/SEGGER/SEGGER_RTT.o
 *fill*         0x0000000008006101        0x3 
 .rodata        0x0000000008006104       0x10 ./third_party/Segger/SEGGER/SEGGER_SYSVIEW.o
 *(.rodata*)
 .rodata.AHBPrescTable
                0x0000000008006114       0x10 ./Core/Src/system_stm32f4xx.o
                0x0000000008006114                AHBPrescTable
 .rodata.APBPrescTable
                0x0000000008006124        0x8 ./Core/Src/system_stm32f4xx.o
                0x0000000008006124                APBPrescTable
 .rodata.SYSVIEW_X_OS_TraceAPI
                0x000000000800612c        0x8 ./third_party/Segger/OS/SEGGER_SYSVIEW_FreeRTOS.o
                0x000000000800612c                SYSVIEW_X_OS_TraceAPI
 .rodata._aInitStr.0
                0x0000000008006134       0x11 ./third_party/Segger/SEGGER/SEGGER_RTT.o
 *fill*         0x0000000008006145        0x3 
 .rodata._abSync
                0x0000000008006148        0xa ./third_party/Segger/SEGGER/SEGGER_SYSVIEW.o
                0x0000000008006154                . = ALIGN (0x4)
 *fill*         0x0000000008006152        0x2 

.ARM.extab      0x0000000008006154        0x0
                0x0000000008006154                . = ALIGN (0x4)
 *(.ARM.extab* .gnu.linkonce.armextab.*)
                0x0000000008006154                . = ALIGN (0x4)

.ARM            0x0000000008006154        0x8
                0x0000000008006154                . = ALIGN (0x4)
                0x0000000008006154                __exidx_start = .
 *(.ARM.exidx*)
 .ARM.exidx     0x0000000008006154        0x8 /opt/st/stm32cubeide_1.12.1/plugins/com.st.stm32cube.ide.mcu.externaltools.gnu-tools-for-stm32.10.3-2021.10.linux64_1.0.200.202301161003/tools/bin/../lib/gcc/arm-none-eabi/10.3.1/thumb/v7e-m+fp/hard/libgcc.a(_udivmoddi4.o)
                0x000000000800615c                __exidx_end = .
                0x000000000800615c                . = ALIGN (0x4)

.rel.dyn        0x000000000800615c        0x0
 .rel.iplt      0x000000000800615c        0x0 /opt/st/stm32cubeide_1.12.1/plugins/com.st.stm32cube.ide.mcu.externaltools.gnu-tools-for-stm32.10.3-2021.10.linux64_1.0.200.202301161003/tools/bin/../lib/gcc/arm-none-eabi/10.3.1/thumb/v7e-m+fp/hard/crtbegin.o

.preinit_array  0x000000000800615c        0x0
                0x000000000800615c                . = ALIGN (0x4)
                0x000000000800615c                PROVIDE (__preinit_array_start = .)
 *(.preinit_array*)
                0x000000000800615c                PROVIDE (__preinit_array_end = .)
                0x000000000800615c                . = ALIGN (0x4)

.init_array     0x000000000800615c        0x4
                0x000000000800615c                . = ALIGN (0x4)
                0x000000000800615c                PROVIDE (__init_array_start = .)
 *(SORT_BY_NAME(.init_array.*))
 *(.init_array*)
 .init_array    0x000000000800615c        0x4 /opt/st/stm32cubeide_1.12.1/plugins/com.st.stm32cube.ide.mcu.externaltools.gnu-tools-for-stm32.10.3-2021.10.linux64_1.0.200.202301161003/tools/bin/../lib/gcc/arm-none-eabi/10.3.1/thumb/v7e-m+fp/hard/crtbegin.o
                0x0000000008006160                PROVIDE (__init_array_end = .)
                0x0000000008006160                . = ALIGN (0x4)

.fini_array     0x0000000008006160        0x4
                0x0000000008006160                . = ALIGN (0x4)
                [!provide]                        PROVIDE (__fini_array_start = .)
 *(SORT_BY_NAME(.fini_array.*))
 *(.fini_array*)
 .fini_array    0x0000000008006160        0x4 /opt/st/stm32cubeide_1.12.1/plugins/com.st.stm32cube.ide.mcu.externaltools.gnu-tools-for-stm32.10.3-2021.10.linux64_1.0.200.202301161003/tools/bin/../lib/gcc/arm-none-eabi/10.3.1/thumb/v7e-m+fp/hard/crtbegin.o
                [!provide]                        PROVIDE (__fini_array_end = .)
                0x0000000008006164                . = ALIGN (0x4)
                0x0000000008006164                _sidata = LOADADDR (.data)

.data           0x0000000020000000       0x14 load address 0x0000000008006164
                0x0000000020000000                . = ALIGN (0x4)
                0x0000000020000000                _sdata = .
 *(.data)
 *(.data*)
 .data.SystemCoreClock
                0x0000000020000000        0x4 ./Core/Src/system_stm32f4xx.o
                0x0000000020000000                SystemCoreClock
 .data.uwTickPrio
                0x0000000020000004        0x4 ./Drivers/STM32F4xx_HAL_Driver/Src/stm32f4xx_hal.o
                0x0000000020000004                uwTickPrio
 .data.uwTickFreq
                0x0000000020000008        0x1 ./Drivers/STM32F4xx_HAL_Driver/Src/stm32f4xx_hal.o
                0x0000000020000008                uwTickFreq
 *fill*         0x0000000020000009        0x3 
 .data.uxTopUsedPriority
                0x000000002000000c        0x4 ./third_party/FreeRtos/tasks.o
                0x000000002000000c                uxTopUsedPriority
 .data.uxCriticalNesting
                0x0000000020000010        0x4 ./third_party/FreeRtos/portable/GCC/ARM_CM4F/port.o
 *(.RamFunc)
 *(.RamFunc*)
                0x0000000020000014                . = ALIGN (0x4)
                0x0000000020000014                _edata = .
                0x0000000008006178                _siccmram = LOADADDR (.ccmram)

.igot.plt       0x0000000020000014        0x0 load address 0x0000000008006178
 .igot.plt      0x0000000020000014        0x0 /opt/st/stm32cubeide_1.12.1/plugins/com.st.stm32cube.ide.mcu.externaltools.gnu-tools-for-stm32.10.3-2021.10.linux64_1.0.200.202301161003/tools/bin/../lib/gcc/arm-none-eabi/10.3.1/thumb/v7e-m+fp/hard/crtbegin.o

.ccmram         0x0000000010000000        0x0 load address 0x0000000008006178
                0x0000000010000000                . = ALIGN (0x4)
                0x0000000010000000                _sccmram = .
 *(.ccmram)
 *(.ccmram*)
                0x0000000010000000                . = ALIGN (0x4)
                0x0000000010000000                _eccmram = .
                0x0000000010000000                . = ALIGN (0x4)

.bss            0x0000000020000014    0x1448c
                0x0000000020000014                _sbss = .
                0x0000000020000014                __bss_start__ = _sbss
 *(.bss)
 .bss           0x0000000020000014       0x1c /opt/st/stm32cubeide_1.12.1/plugins/com.st.stm32cube.ide.mcu.externaltools.gnu-tools-for-stm32.10.3-2021.10.linux64_1.0.200.202301161003/tools/bin/../lib/gcc/arm-none-eabi/10.3.1/thumb/v7e-m+fp/hard/crtbegin.o
 *(.bss*)
 .bss.htim5     0x0000000020000030       0x48 ./Core/Src/stm32f4xx_hal_timebase_tim.o
                0x0000000020000030                htim5
 .bss.uwTick    0x0000000020000078        0x4 ./Drivers/STM32F4xx_HAL_Driver/Src/stm32f4xx_hal.o
                0x0000000020000078                uwTick
 .bss.xQueueRegistry
                0x000000002000007c       0x40 ./third_party/FreeRtos/queue.o
                0x000000002000007c                xQueueRegistry
 .bss.pxCurrentTCB
                0x00000000200000bc        0x4 ./third_party/FreeRtos/tasks.o
                0x00000000200000bc                pxCurrentTCB
 .bss.pxReadyTasksLists
                0x00000000200000c0       0x64 ./third_party/FreeRtos/tasks.o
 .bss.xDelayedTaskList1
                0x0000000020000124       0x14 ./third_party/FreeRtos/tasks.o
 .bss.xDelayedTaskList2
                0x0000000020000138       0x14 ./third_party/FreeRtos/tasks.o
 .bss.pxDelayedTaskList
                0x000000002000014c        0x4 ./third_party/FreeRtos/tasks.o
 .bss.pxOverflowDelayedTaskList
                0x0000000020000150        0x4 ./third_party/FreeRtos/tasks.o
 .bss.xPendingReadyList
                0x0000000020000154       0x14 ./third_party/FreeRtos/tasks.o
 .bss.xTasksWaitingTermination
                0x0000000020000168       0x14 ./third_party/FreeRtos/tasks.o
 .bss.uxDeletedTasksWaitingCleanUp
                0x000000002000017c        0x4 ./third_party/FreeRtos/tasks.o
 .bss.xSuspendedTaskList
                0x0000000020000180       0x14 ./third_party/FreeRtos/tasks.o
 .bss.uxCurrentNumberOfTasks
                0x0000000020000194        0x4 ./third_party/FreeRtos/tasks.o
 .bss.xTickCount
                0x0000000020000198        0x4 ./third_party/FreeRtos/tasks.o
 .bss.uxTopReadyPriority
                0x000000002000019c        0x4 ./third_party/FreeRtos/tasks.o
 .bss.xSchedulerRunning
                0x00000000200001a0        0x4 ./third_party/FreeRtos/tasks.o
 .bss.xPendedTicks
                0x00000000200001a4        0x4 ./third_party/FreeRtos/tasks.o
 .bss.xYieldPending
                0x00000000200001a8        0x4 ./third_party/FreeRtos/tasks.o
 .bss.xNumOfOverflows
                0x00000000200001ac        0x4 ./third_party/FreeRtos/tasks.o
 .bss.uxTaskNumber
                0x00000000200001b0        0x4 ./third_party/FreeRtos/tasks.o
 .bss.xNextTaskUnblockTime
                0x00000000200001b4        0x4 ./third_party/FreeRtos/tasks.o
 .bss.xIdleTaskHandle
                0x00000000200001b8        0x4 ./third_party/FreeRtos/tasks.o
 .bss.uxSchedulerSuspended
                0x00000000200001bc        0x4 ./third_party/FreeRtos/tasks.o
 .bss.xActiveTimerList1
                0x00000000200001c0       0x14 ./third_party/FreeRtos/timers.o
 .bss.xActiveTimerList2
                0x00000000200001d4       0x14 ./third_party/FreeRtos/timers.o
 .bss.pxCurrentTimerList
                0x00000000200001e8        0x4 ./third_party/FreeRtos/timers.o
 .bss.pxOverflowTimerList
                0x00000000200001ec        0x4 ./third_party/FreeRtos/timers.o
 .bss.xTimerQueue
                0x00000000200001f0        0x4 ./third_party/FreeRtos/timers.o
 .bss.xTimerTaskHandle
                0x00000000200001f4        0x4 ./third_party/FreeRtos/timers.o
 .bss.xLastTime.0
                0x00000000200001f8        0x4 ./third_party/FreeRtos/timers.o
 .bss.ucMaxSysCallPriority
                0x00000000200001fc        0x1 ./third_party/FreeRtos/portable/GCC/ARM_CM4F/port.o
 *fill*         0x00000000200001fd        0x3 
 .bss.ulMaxPRIGROUPValue
                0x0000000020000200        0x4 ./third_party/FreeRtos/portable/GCC/ARM_CM4F/port.o
 .bss.ucHeap    0x0000000020000204    0x12c00 ./third_party/FreeRtos/portable/MemMang/heap_4.o
 .bss.xStart    0x0000000020012e04        0x8 ./third_party/FreeRtos/portable/MemMang/heap_4.o
 .bss.pxEnd     0x0000000020012e0c        0x4 ./third_party/FreeRtos/portable/MemMang/heap_4.o
 .bss.xFreeBytesRemaining
                0x0000000020012e10        0x4 ./third_party/FreeRtos/portable/MemMang/heap_4.o
 .bss.xMinimumEverFreeBytesRemaining
                0x0000000020012e14        0x4 ./third_party/FreeRtos/portable/MemMang/heap_4.o
 .bss.xNumberOfSuccessfulAllocations
                0x0000000020012e18        0x4 ./third_party/FreeRtos/portable/MemMang/heap_4.o
 .bss.xNumberOfSuccessfulFrees
                0x0000000020012e1c        0x4 ./third_party/FreeRtos/portable/MemMang/heap_4.o
 .bss._aTasks   0x0000000020012e20       0xa0 ./third_party/Segger/OS/SEGGER_SYSVIEW_FreeRTOS.o
 .bss._NumTasks
                0x0000000020012ec0        0x4 ./third_party/Segger/OS/SEGGER_SYSVIEW_FreeRTOS.o
 .bss._SEGGER_RTT
                0x0000000020012ec4       0xa8 ./third_party/Segger/SEGGER/SEGGER_RTT.o
                0x0000000020012ec4                _SEGGER_RTT
 .bss._acUpBuffer
                0x0000000020012f6c      0x400 ./third_party/Segger/SEGGER/SEGGER_RTT.o
 .bss._acDownBuffer
                0x000000002001336c       0x10 ./third_party/Segger/SEGGER/SEGGER_RTT.o
 .bss._UpBuffer
                0x000000002001337c     0x1000 ./third_party/Segger/SEGGER/SEGGER_SYSVIEW.o
 .bss._DownBuffer
                0x000000002001437c        0x8 ./third_party/Segger/SEGGER/SEGGER_SYSVIEW.o
 .bss._SYSVIEW_Globals
                0x0000000020014384       0x28 ./third_party/Segger/SEGGER/SEGGER_SYSVIEW.o
 .bss._pFirstModule
                0x00000000200143ac        0x4 ./third_party/Segger/SEGGER/SEGGER_SYSVIEW.o
 .bss._NumModules
                0x00000000200143b0        0x1 ./third_party/Segger/SEGGER/SEGGER_SYSVIEW.o
 *fill*         0x00000000200143b1        0x3 
 .bss._aPacket  0x00000000200143b4       0xe3 ./third_party/Segger/SEGGER/SEGGER_SYSVIEW.o
 *fill*         0x0000000020014497        0x1 
 .bss._cbOnRx   0x0000000020014498        0x4 ./third_party/Segger/serial/segger_uart.o
 .bss._cbOnTx   0x000000002001449c        0x4 ./third_party/Segger/serial/segger_uart.o
 *(COMMON)
                0x00000000200144a0                . = ALIGN (0x4)
                0x00000000200144a0                _ebss = .
                0x00000000200144a0                __bss_end__ = _ebss

._user_heap_stack
                0x00000000200144a0      0x600
                0x00000000200144a0                . = ALIGN (0x8)
                [!provide]                        PROVIDE (end = .)
                0x00000000200144a0                PROVIDE (_end = .)
                0x00000000200146a0                . = (. + _Min_Heap_Size)
 *fill*         0x00000000200144a0      0x200 
                0x0000000020014aa0                . = (. + _Min_Stack_Size)
 *fill*         0x00000000200146a0      0x400 
                0x0000000020014aa0                . = ALIGN (0x8)

/DISCARD/
 libc.a(*)
 libm.a(*)
 libgcc.a(*)

.ARM.attributes
                0x0000000000000000       0x30
 *(.ARM.attributes)
 .ARM.attributes
                0x0000000000000000       0x1e /opt/st/stm32cubeide_1.12.1/plugins/com.st.stm32cube.ide.mcu.externaltools.gnu-tools-for-stm32.10.3-2021.10.linux64_1.0.200.202301161003/tools/bin/../lib/gcc/arm-none-eabi/10.3.1/thumb/v7e-m+fp/hard/crti.o
 .ARM.attributes
                0x000000000000001e       0x34 /opt/st/stm32cubeide_1.12.1/plugins/com.st.stm32cube.ide.mcu.externaltools.gnu-tools-for-stm32.10.3-2021.10.linux64_1.0.200.202301161003/tools/bin/../lib/gcc/arm-none-eabi/10.3.1/thumb/v7e-m+fp/hard/crtbegin.o
 .ARM.attributes
                0x0000000000000052       0x34 ./Core/Src/main.o
 .ARM.attributes
                0x0000000000000086       0x34 ./Core/Src/stm32f4xx_hal_msp.o
 .ARM.attributes
                0x00000000000000ba       0x34 ./Core/Src/stm32f4xx_hal_timebase_tim.o
 .ARM.attributes
                0x00000000000000ee       0x34 ./Core/Src/stm32f4xx_it.o
 .ARM.attributes
                0x0000000000000122       0x34 ./Core/Src/system_stm32f4xx.o
 .ARM.attributes
                0x0000000000000156       0x21 ./Core/Startup/startup_stm32f407vgtx.o
 .ARM.attributes
                0x0000000000000177       0x34 ./Drivers/STM32F4xx_HAL_Driver/Src/stm32f4xx_hal.o
 .ARM.attributes
                0x00000000000001ab       0x34 ./Drivers/STM32F4xx_HAL_Driver/Src/stm32f4xx_hal_cortex.o
 .ARM.attributes
                0x00000000000001df       0x34 ./Drivers/STM32F4xx_HAL_Driver/Src/stm32f4xx_hal_gpio.o
 .ARM.attributes
                0x0000000000000213       0x34 ./Drivers/STM32F4xx_HAL_Driver/Src/stm32f4xx_hal_rcc.o
 .ARM.attributes
                0x0000000000000247       0x34 ./Drivers/STM32F4xx_HAL_Driver/Src/stm32f4xx_hal_tim.o
 .ARM.attributes
                0x000000000000027b       0x34 ./Drivers/STM32F4xx_HAL_Driver/Src/stm32f4xx_hal_tim_ex.o
 .ARM.attributes
                0x00000000000002af       0x34 ./third_party/FreeRtos/list.o
 .ARM.attributes
                0x00000000000002e3       0x34 ./third_party/FreeRtos/queue.o
 .ARM.attributes
                0x0000000000000317       0x34 ./third_party/FreeRtos/tasks.o
 .ARM.attributes
                0x000000000000034b       0x34 ./third_party/FreeRtos/timers.o
 .ARM.attributes
                0x000000000000037f       0x34 ./third_party/FreeRtos/portable/GCC/ARM_CM4F/port.o
 .ARM.attributes
                0x00000000000003b3       0x34 ./third_party/FreeRtos/portable/MemMang/heap_4.o
 .ARM.attributes
                0x00000000000003e7       0x34 ./third_party/Segger/Config/SEGGER_SYSVIEW_Config_FreeRTOS.o
 .ARM.attributes
                0x000000000000041b       0x34 ./third_party/Segger/OS/SEGGER_SYSVIEW_FreeRTOS.o
 .ARM.attributes
                0x000000000000044f       0x34 ./third_party/Segger/SEGGER/SEGGER_RTT.o
 .ARM.attributes
                0x0000000000000483       0x20 ./third_party/Segger/SEGGER/SEGGER_RTT_ASM_ARMv7M.o
 .ARM.attributes
                0x00000000000004a3       0x34 ./third_party/Segger/SEGGER/SEGGER_SYSVIEW.o
 .ARM.attributes
                0x00000000000004d7       0x34 ./third_party/Segger/serial/segger_uart.o
 .ARM.attributes
                0x000000000000050b       0x34 /opt/st/stm32cubeide_1.12.1/plugins/com.st.stm32cube.ide.mcu.externaltools.gnu-tools-for-stm32.10.3-2021.10.linux64_1.0.200.202301161003/tools/bin/../lib/gcc/arm-none-eabi/10.3.1/../../../../arm-none-eabi/lib/thumb/v7e-m+fp/hard/libc_nano.a(lib_a-init.o)
 .ARM.attributes
                0x000000000000053f       0x34 /opt/st/stm32cubeide_1.12.1/plugins/com.st.stm32cube.ide.mcu.externaltools.gnu-tools-for-stm32.10.3-2021.10.linux64_1.0.200.202301161003/tools/bin/../lib/gcc/arm-none-eabi/10.3.1/../../../../arm-none-eabi/lib/thumb/v7e-m+fp/hard/libc_nano.a(lib_a-memcmp.o)
 .ARM.attributes
                0x0000000000000573       0x34 /opt/st/stm32cubeide_1.12.1/plugins/com.st.stm32cube.ide.mcu.externaltools.gnu-tools-for-stm32.10.3-2021.10.linux64_1.0.200.202301161003/tools/bin/../lib/gcc/arm-none-eabi/10.3.1/../../../../arm-none-eabi/lib/thumb/v7e-m+fp/hard/libc_nano.a(lib_a-memcpy-stub.o)
 .ARM.attributes
                0x00000000000005a7       0x34 /opt/st/stm32cubeide_1.12.1/plugins/com.st.stm32cube.ide.mcu.externaltools.gnu-tools-for-stm32.10.3-2021.10.linux64_1.0.200.202301161003/tools/bin/../lib/gcc/arm-none-eabi/10.3.1/../../../../arm-none-eabi/lib/thumb/v7e-m+fp/hard/libc_nano.a(lib_a-memset.o)
 .ARM.attributes
                0x00000000000005db       0x1e /opt/st/stm32cubeide_1.12.1/plugins/com.st.stm32cube.ide.mcu.externaltools.gnu-tools-for-stm32.10.3-2021.10.linux64_1.0.200.202301161003/tools/bin/../lib/gcc/arm-none-eabi/10.3.1/thumb/v7e-m+fp/hard/libgcc.a(_aeabi_uldivmod.o)
 .ARM.attributes
                0x00000000000005f9       0x34 /opt/st/stm32cubeide_1.12.1/plugins/com.st.stm32cube.ide.mcu.externaltools.gnu-tools-for-stm32.10.3-2021.10.linux64_1.0.200.202301161003/tools/bin/../lib/gcc/arm-none-eabi/10.3.1/thumb/v7e-m+fp/hard/libgcc.a(_udivmoddi4.o)
 .ARM.attributes
                0x000000000000062d       0x1e /opt/st/stm32cubeide_1.12.1/plugins/com.st.stm32cube.ide.mcu.externaltools.gnu-tools-for-stm32.10.3-2021.10.linux64_1.0.200.202301161003/tools/bin/../lib/gcc/arm-none-eabi/10.3.1/thumb/v7e-m+fp/hard/libgcc.a(_dvmd_tls.o)
 .ARM.attributes
                0x000000000000064b       0x1e /opt/st/stm32cubeide_1.12.1/plugins/com.st.stm32cube.ide.mcu.externaltools.gnu-tools-for-stm32.10.3-2021.10.linux64_1.0.200.202301161003/tools/bin/../lib/gcc/arm-none-eabi/10.3.1/thumb/v7e-m+fp/hard/crtn.o
OUTPUT(FreeRTOS_manual_3_2705.elf elf32-littlearm)
LOAD linker stubs
LOAD /opt/st/stm32cubeide_1.12.1/plugins/com.st.stm32cube.ide.mcu.externaltools.gnu-tools-for-stm32.10.3-2021.10.linux64_1.0.200.202301161003/tools/bin/../lib/gcc/arm-none-eabi/10.3.1/../../../../arm-none-eabi/lib/thumb/v7e-m+fp/hard/libc.a
LOAD /opt/st/stm32cubeide_1.12.1/plugins/com.st.stm32cube.ide.mcu.externaltools.gnu-tools-for-stm32.10.3-2021.10.linux64_1.0.200.202301161003/tools/bin/../lib/gcc/arm-none-eabi/10.3.1/../../../../arm-none-eabi/lib/thumb/v7e-m+fp/hard/libm.a
LOAD /opt/st/stm32cubeide_1.12.1/plugins/com.st.stm32cube.ide.mcu.externaltools.gnu-tools-for-stm32.10.3-2021.10.linux64_1.0.200.202301161003/tools/bin/../lib/gcc/arm-none-eabi/10.3.1/thumb/v7e-m+fp/hard/libgcc.a

.debug_info     0x0000000000000000    0x155c1
 .debug_info    0x0000000000000000      0xe55 ./Core/Src/main.o
 .debug_info    0x0000000000000e55      0x2cc ./Core/Src/stm32f4xx_hal_msp.o
 .debug_info    0x0000000000001121      0xc4b ./Core/Src/stm32f4xx_hal_timebase_tim.o
 .debug_info    0x0000000000001d6c      0x6f8 ./Core/Src/stm32f4xx_it.o
 .debug_info    0x0000000000002464      0x523 ./Core/Src/system_stm32f4xx.o
 .debug_info    0x0000000000002987       0x22 ./Core/Startup/startup_stm32f407vgtx.o
 .debug_info    0x00000000000029a9      0x97c ./Drivers/STM32F4xx_HAL_Driver/Src/stm32f4xx_hal.o
 .debug_info    0x0000000000003325      0xe1b ./Drivers/STM32F4xx_HAL_Driver/Src/stm32f4xx_hal_cortex.o
 .debug_info    0x0000000000004140      0x76a ./Drivers/STM32F4xx_HAL_Driver/Src/stm32f4xx_hal_gpio.o
 .debug_info    0x00000000000048aa      0x966 ./Drivers/STM32F4xx_HAL_Driver/Src/stm32f4xx_hal_rcc.o
 .debug_info    0x0000000000005210     0x2bbe ./Drivers/STM32F4xx_HAL_Driver/Src/stm32f4xx_hal_tim.o
 .debug_info    0x0000000000007dce     0x15e0 ./Drivers/STM32F4xx_HAL_Driver/Src/stm32f4xx_hal_tim_ex.o
 .debug_info    0x00000000000093ae      0x2d1 ./third_party/FreeRtos/list.o
 .debug_info    0x000000000000967f     0x1a03 ./third_party/FreeRtos/queue.o
 .debug_info    0x000000000000b082     0x2753 ./third_party/FreeRtos/tasks.o
 .debug_info    0x000000000000d7d5      0xeaf ./third_party/FreeRtos/timers.o
 .debug_info    0x000000000000e684      0x5ca ./third_party/FreeRtos/portable/GCC/ARM_CM4F/port.o
 .debug_info    0x000000000000ec4e      0x558 ./third_party/FreeRtos/portable/MemMang/heap_4.o
 .debug_info    0x000000000000f1a6      0x182 ./third_party/Segger/Config/SEGGER_SYSVIEW_Config_FreeRTOS.o
 .debug_info    0x000000000000f328      0x43e ./third_party/Segger/OS/SEGGER_SYSVIEW_FreeRTOS.o
 .debug_info    0x000000000000f766     0x15df ./third_party/Segger/SEGGER/SEGGER_RTT.o
 .debug_info    0x0000000000010d45       0x26 ./third_party/Segger/SEGGER/SEGGER_RTT_ASM_ARMv7M.o
 .debug_info    0x0000000000010d6b     0x3f39 ./third_party/Segger/SEGGER/SEGGER_SYSVIEW.o
 .debug_info    0x0000000000014ca4      0x91d ./third_party/Segger/serial/segger_uart.o

.debug_abbrev   0x0000000000000000     0x2fb8
 .debug_abbrev  0x0000000000000000      0x2a5 ./Core/Src/main.o
 .debug_abbrev  0x00000000000002a5       0xee ./Core/Src/stm32f4xx_hal_msp.o
 .debug_abbrev  0x0000000000000393      0x1e6 ./Core/Src/stm32f4xx_hal_timebase_tim.o
 .debug_abbrev  0x0000000000000579      0x171 ./Core/Src/stm32f4xx_it.o
 .debug_abbrev  0x00000000000006ea      0x116 ./Core/Src/system_stm32f4xx.o
 .debug_abbrev  0x0000000000000800       0x12 ./Core/Startup/startup_stm32f407vgtx.o
 .debug_abbrev  0x0000000000000812      0x20d ./Drivers/STM32F4xx_HAL_Driver/Src/stm32f4xx_hal.o
 .debug_abbrev  0x0000000000000a1f      0x316 ./Drivers/STM32F4xx_HAL_Driver/Src/stm32f4xx_hal_cortex.o
 .debug_abbrev  0x0000000000000d35      0x1c4 ./Drivers/STM32F4xx_HAL_Driver/Src/stm32f4xx_hal_gpio.o
 .debug_abbrev  0x0000000000000ef9      0x2aa ./Drivers/STM32F4xx_HAL_Driver/Src/stm32f4xx_hal_rcc.o
 .debug_abbrev  0x00000000000011a3      0x25d ./Drivers/STM32F4xx_HAL_Driver/Src/stm32f4xx_hal_tim.o
 .debug_abbrev  0x0000000000001400      0x265 ./Drivers/STM32F4xx_HAL_Driver/Src/stm32f4xx_hal_tim_ex.o
 .debug_abbrev  0x0000000000001665       0xf2 ./third_party/FreeRtos/list.o
 .debug_abbrev  0x0000000000001757      0x312 ./third_party/FreeRtos/queue.o
 .debug_abbrev  0x0000000000001a69      0x3a4 ./third_party/FreeRtos/tasks.o
 .debug_abbrev  0x0000000000001e0d      0x2c5 ./third_party/FreeRtos/timers.o
 .debug_abbrev  0x00000000000020d2      0x259 ./third_party/FreeRtos/portable/GCC/ARM_CM4F/port.o
 .debug_abbrev  0x000000000000232b      0x24e ./third_party/FreeRtos/portable/MemMang/heap_4.o
 .debug_abbrev  0x0000000000002579       0xf2 ./third_party/Segger/Config/SEGGER_SYSVIEW_Config_FreeRTOS.o
 .debug_abbrev  0x000000000000266b      0x189 ./third_party/Segger/OS/SEGGER_SYSVIEW_FreeRTOS.o
 .debug_abbrev  0x00000000000027f4      0x216 ./third_party/Segger/SEGGER/SEGGER_RTT.o
 .debug_abbrev  0x0000000000002a0a       0x14 ./third_party/Segger/SEGGER/SEGGER_RTT_ASM_ARMv7M.o
 .debug_abbrev  0x0000000000002a1e      0x31f ./third_party/Segger/SEGGER/SEGGER_SYSVIEW.o
 .debug_abbrev  0x0000000000002d3d      0x27b ./third_party/Segger/serial/segger_uart.o

.debug_aranges  0x0000000000000000     0x13c8
 .debug_aranges
                0x0000000000000000       0x60 ./Core/Src/main.o
 .debug_aranges
                0x0000000000000060       0x20 ./Core/Src/stm32f4xx_hal_msp.o
 .debug_aranges
                0x0000000000000080       0x30 ./Core/Src/stm32f4xx_hal_timebase_tim.o
 .debug_aranges
                0x00000000000000b0       0x50 ./Core/Src/stm32f4xx_it.o
 .debug_aranges
                0x0000000000000100       0x28 ./Core/Src/system_stm32f4xx.o
 .debug_aranges
                0x0000000000000128       0x28 ./Core/Startup/startup_stm32f407vgtx.o
 .debug_aranges
                0x0000000000000150       0xf0 ./Drivers/STM32F4xx_HAL_Driver/Src/stm32f4xx_hal.o
 .debug_aranges
                0x0000000000000240      0x118 ./Drivers/STM32F4xx_HAL_Driver/Src/stm32f4xx_hal_cortex.o
 .debug_aranges
                0x0000000000000358       0x58 ./Drivers/STM32F4xx_HAL_Driver/Src/stm32f4xx_hal_gpio.o
 .debug_aranges
                0x00000000000003b0       0x88 ./Drivers/STM32F4xx_HAL_Driver/Src/stm32f4xx_hal_rcc.o
 .debug_aranges
                0x0000000000000438      0x3d0 ./Drivers/STM32F4xx_HAL_Driver/Src/stm32f4xx_hal_tim.o
 .debug_aranges
                0x0000000000000808      0x168 ./Drivers/STM32F4xx_HAL_Driver/Src/stm32f4xx_hal_tim_ex.o
 .debug_aranges
                0x0000000000000970       0x40 ./third_party/FreeRtos/list.o
 .debug_aranges
                0x00000000000009b0      0x130 ./third_party/FreeRtos/queue.o
 .debug_aranges
                0x0000000000000ae0      0x208 ./third_party/FreeRtos/tasks.o
 .debug_aranges
                0x0000000000000ce8       0xe8 ./third_party/FreeRtos/timers.o
 .debug_aranges
                0x0000000000000dd0       0x88 ./third_party/FreeRtos/portable/GCC/ARM_CM4F/port.o
 .debug_aranges
                0x0000000000000e58       0x60 ./third_party/FreeRtos/portable/MemMang/heap_4.o
 .debug_aranges
                0x0000000000000eb8       0x28 ./third_party/Segger/Config/SEGGER_SYSVIEW_Config_FreeRTOS.o
 .debug_aranges
                0x0000000000000ee0       0x48 ./third_party/Segger/OS/SEGGER_SYSVIEW_FreeRTOS.o
 .debug_aranges
                0x0000000000000f28      0x138 ./third_party/Segger/SEGGER/SEGGER_RTT.o
 .debug_aranges
                0x0000000000001060       0x20 ./third_party/Segger/SEGGER/SEGGER_RTT_ASM_ARMv7M.o
 .debug_aranges
                0x0000000000001080      0x2e0 ./third_party/Segger/SEGGER/SEGGER_SYSVIEW.o
 .debug_aranges
                0x0000000000001360       0x68 ./third_party/Segger/serial/segger_uart.o

.debug_ranges   0x0000000000000000     0x1240
 .debug_ranges  0x0000000000000000       0x50 ./Core/Src/main.o
 .debug_ranges  0x0000000000000050       0x10 ./Core/Src/stm32f4xx_hal_msp.o
 .debug_ranges  0x0000000000000060       0x20 ./Core/Src/stm32f4xx_hal_timebase_tim.o
 .debug_ranges  0x0000000000000080       0x40 ./Core/Src/stm32f4xx_it.o
 .debug_ranges  0x00000000000000c0       0x18 ./Core/Src/system_stm32f4xx.o
 .debug_ranges  0x00000000000000d8       0x20 ./Core/Startup/startup_stm32f407vgtx.o
 .debug_ranges  0x00000000000000f8       0xe0 ./Drivers/STM32F4xx_HAL_Driver/Src/stm32f4xx_hal.o
 .debug_ranges  0x00000000000001d8      0x108 ./Drivers/STM32F4xx_HAL_Driver/Src/stm32f4xx_hal_cortex.o
 .debug_ranges  0x00000000000002e0       0x48 ./Drivers/STM32F4xx_HAL_Driver/Src/stm32f4xx_hal_gpio.o
 .debug_ranges  0x0000000000000328       0x78 ./Drivers/STM32F4xx_HAL_Driver/Src/stm32f4xx_hal_rcc.o
 .debug_ranges  0x00000000000003a0      0x3c0 ./Drivers/STM32F4xx_HAL_Driver/Src/stm32f4xx_hal_tim.o
 .debug_ranges  0x0000000000000760      0x158 ./Drivers/STM32F4xx_HAL_Driver/Src/stm32f4xx_hal_tim_ex.o
 .debug_ranges  0x00000000000008b8       0x30 ./third_party/FreeRtos/list.o
 .debug_ranges  0x00000000000008e8      0x120 ./third_party/FreeRtos/queue.o
 .debug_ranges  0x0000000000000a08      0x1f8 ./third_party/FreeRtos/tasks.o
 .debug_ranges  0x0000000000000c00       0xd8 ./third_party/FreeRtos/timers.o
 .debug_ranges  0x0000000000000cd8       0x78 ./third_party/FreeRtos/portable/GCC/ARM_CM4F/port.o
 .debug_ranges  0x0000000000000d50       0x50 ./third_party/FreeRtos/portable/MemMang/heap_4.o
 .debug_ranges  0x0000000000000da0       0x18 ./third_party/Segger/Config/SEGGER_SYSVIEW_Config_FreeRTOS.o
 .debug_ranges  0x0000000000000db8       0x38 ./third_party/Segger/OS/SEGGER_SYSVIEW_FreeRTOS.o
 .debug_ranges  0x0000000000000df0      0x128 ./third_party/Segger/SEGGER/SEGGER_RTT.o
 .debug_ranges  0x0000000000000f18      0x2d0 ./third_party/Segger/SEGGER/SEGGER_SYSVIEW.o
 .debug_ranges  0x00000000000011e8       0x58 ./third_party/Segger/serial/segger_uart.o

.debug_macro    0x0000000000000000    0x22f81
 .debug_macro   0x0000000000000000      0x2a1 ./Core/Src/main.o
 .debug_macro   0x00000000000002a1      0xa78 ./Core/Src/main.o
 .debug_macro   0x0000000000000d19      0x295 ./Core/Src/main.o
 .debug_macro   0x0000000000000fae       0x2e ./Core/Src/main.o
 .debug_macro   0x0000000000000fdc       0x2f ./Core/Src/main.o
 .debug_macro   0x000000000000100b       0x22 ./Core/Src/main.o
 .debug_macro   0x000000000000102d       0x8e ./Core/Src/main.o
 .debug_macro   0x00000000000010bb       0x51 ./Core/Src/main.o
 .debug_macro   0x000000000000110c      0x103 ./Core/Src/main.o
 .debug_macro   0x000000000000120f       0x6a ./Core/Src/main.o
 .debug_macro   0x0000000000001279      0x1df ./Core/Src/main.o
 .debug_macro   0x0000000000001458       0x1c ./Core/Src/main.o
 .debug_macro   0x0000000000001474       0x22 ./Core/Src/main.o
 .debug_macro   0x0000000000001496       0xd9 ./Core/Src/main.o
 .debug_macro   0x000000000000156f     0x102d ./Core/Src/main.o
 .debug_macro   0x000000000000259c      0x11f ./Core/Src/main.o
 .debug_macro   0x00000000000026bb    0x15e82 ./Core/Src/main.o
 .debug_macro   0x000000000001853d       0x6d ./Core/Src/main.o
 .debug_macro   0x00000000000185aa     0x367e ./Core/Src/main.o
 .debug_macro   0x000000000001bc28      0x174 ./Core/Src/main.o
 .debug_macro   0x000000000001bd9c       0x5c ./Core/Src/main.o
 .debug_macro   0x000000000001bdf8      0x96b ./Core/Src/main.o
 .debug_macro   0x000000000001c763      0x9fe ./Core/Src/main.o
 .debug_macro   0x000000000001d161      0x115 ./Core/Src/main.o
 .debug_macro   0x000000000001d276      0x13e ./Core/Src/main.o
 .debug_macro   0x000000000001d3b4       0xa5 ./Core/Src/main.o
 .debug_macro   0x000000000001d459      0x174 ./Core/Src/main.o
 .debug_macro   0x000000000001d5cd      0x287 ./Core/Src/main.o
 .debug_macro   0x000000000001d854       0x5f ./Core/Src/main.o
 .debug_macro   0x000000000001d8b3      0x236 ./Core/Src/main.o
 .debug_macro   0x000000000001dae9      0x12c ./Core/Src/main.o
 .debug_macro   0x000000000001dc15      0x21e ./Core/Src/main.o
 .debug_macro   0x000000000001de33       0x2e ./Core/Src/main.o
 .debug_macro   0x000000000001de61      0x11a ./Core/Src/main.o
 .debug_macro   0x000000000001df7b       0x7e ./Core/Src/main.o
 .debug_macro   0x000000000001dff9       0x89 ./Core/Src/main.o
 .debug_macro   0x000000000001e082      0x8e6 ./Core/Src/main.o
 .debug_macro   0x000000000001e968       0x47 ./Core/Src/main.o
 .debug_macro   0x000000000001e9af      0x12d ./Core/Src/main.o
 .debug_macro   0x000000000001eadc      0x106 ./Core/Src/main.o
 .debug_macro   0x000000000001ebe2       0x58 ./Core/Src/main.o
 .debug_macro   0x000000000001ec3a       0x46 ./Core/Src/main.o
 .debug_macro   0x000000000001ec80       0x64 ./Core/Src/main.o
 .debug_macro   0x000000000001ece4       0x16 ./Core/Src/main.o
 .debug_macro   0x000000000001ecfa       0x49 ./Core/Src/main.o
 .debug_macro   0x000000000001ed43       0xca ./Core/Src/main.o
 .debug_macro   0x000000000001ee0d      0x220 ./Core/Src/main.o
 .debug_macro   0x000000000001f02d      0x458 ./Core/Src/main.o
 .debug_macro   0x000000000001f485      0x15a ./Core/Src/main.o
 .debug_macro   0x000000000001f5df       0xea ./Core/Src/main.o
 .debug_macro   0x000000000001f6c9       0x28 ./Core/Src/main.o
 .debug_macro   0x000000000001f6f1       0x1f ./Core/Src/main.o
 .debug_macro   0x000000000001f710       0x12 ./Core/Src/main.o
 .debug_macro   0x000000000001f722      0x3f9 ./Core/Src/main.o
 .debug_macro   0x000000000001fb1b       0xc3 ./Core/Src/main.o
 .debug_macro   0x000000000001fbde      0x120 ./Core/Src/main.o
 .debug_macro   0x000000000001fcfe      0x1ce ./Core/Src/stm32f4xx_hal_msp.o
 .debug_macro   0x000000000001fecc      0x1c4 ./Core/Src/stm32f4xx_hal_timebase_tim.o
 .debug_macro   0x0000000000020090      0x1d8 ./Core/Src/stm32f4xx_it.o
 .debug_macro   0x0000000000020268      0x1c4 ./Core/Src/system_stm32f4xx.o
 .debug_macro   0x000000000002042c      0x224 ./Drivers/STM32F4xx_HAL_Driver/Src/stm32f4xx_hal.o
 .debug_macro   0x0000000000020650      0x1c4 ./Drivers/STM32F4xx_HAL_Driver/Src/stm32f4xx_hal_cortex.o
 .debug_macro   0x0000000000020814      0x1ca ./Drivers/STM32F4xx_HAL_Driver/Src/stm32f4xx_hal_gpio.o
 .debug_macro   0x00000000000209de      0x1e8 ./Drivers/STM32F4xx_HAL_Driver/Src/stm32f4xx_hal_rcc.o
 .debug_macro   0x0000000000020bc6      0x1c5 ./Drivers/STM32F4xx_HAL_Driver/Src/stm32f4xx_hal_tim.o
 .debug_macro   0x0000000000020d8b      0x1c4 ./Drivers/STM32F4xx_HAL_Driver/Src/stm32f4xx_hal_tim_ex.o
 .debug_macro   0x0000000000020f4f      0x1f8 ./third_party/FreeRtos/list.o
 .debug_macro   0x0000000000021147      0x28f ./third_party/FreeRtos/queue.o
 .debug_macro   0x00000000000213d6       0x16 ./third_party/FreeRtos/queue.o
 .debug_macro   0x00000000000213ec       0x20 ./third_party/FreeRtos/queue.o
 .debug_macro   0x000000000002140c       0x80 ./third_party/FreeRtos/queue.o
 .debug_macro   0x000000000002148c      0x2e5 ./third_party/FreeRtos/tasks.o
 .debug_macro   0x0000000000021771       0x17 ./third_party/FreeRtos/tasks.o
 .debug_macro   0x0000000000021788      0x247 ./third_party/FreeRtos/timers.o
 .debug_macro   0x00000000000219cf       0x97 ./third_party/FreeRtos/timers.o
 .debug_macro   0x0000000000021a66      0x207 ./third_party/FreeRtos/portable/GCC/ARM_CM4F/port.o
 .debug_macro   0x0000000000021c6d      0x279 ./third_party/FreeRtos/portable/MemMang/heap_4.o
 .debug_macro   0x0000000000021ee6      0x13b ./third_party/Segger/Config/SEGGER_SYSVIEW_Config_FreeRTOS.o
 .debug_macro   0x0000000000022021      0x207 ./third_party/Segger/OS/SEGGER_SYSVIEW_FreeRTOS.o
 .debug_macro   0x0000000000022228      0x1bd ./third_party/Segger/SEGGER/SEGGER_RTT.o
 .debug_macro   0x00000000000223e5       0x35 ./third_party/Segger/SEGGER/SEGGER_RTT.o
 .debug_macro   0x000000000002241a      0x138 ./third_party/Segger/SEGGER/SEGGER_RTT.o
 .debug_macro   0x0000000000022552      0x22a ./third_party/Segger/SEGGER/SEGGER_SYSVIEW.o
 .debug_macro   0x000000000002277c      0x220 ./third_party/Segger/SEGGER/SEGGER_SYSVIEW.o
 .debug_macro   0x000000000002299c      0x169 ./third_party/Segger/SEGGER/SEGGER_SYSVIEW.o
 .debug_macro   0x0000000000022b05      0x426 ./third_party/Segger/serial/segger_uart.o
 .debug_macro   0x0000000000022f2b       0x56 ./third_party/Segger/serial/segger_uart.o

.debug_line     0x0000000000000000    0x159db
 .debug_line    0x0000000000000000      0xb3f ./Core/Src/main.o
 .debug_line    0x0000000000000b3f      0x688 ./Core/Src/stm32f4xx_hal_msp.o
 .debug_line    0x00000000000011c7      0x703 ./Core/Src/stm32f4xx_hal_timebase_tim.o
 .debug_line    0x00000000000018ca      0x724 ./Core/Src/stm32f4xx_it.o
 .debug_line    0x0000000000001fee      0x709 ./Core/Src/system_stm32f4xx.o
 .debug_line    0x00000000000026f7       0x88 ./Core/Startup/startup_stm32f407vgtx.o
 .debug_line    0x000000000000277f      0x96f ./Drivers/STM32F4xx_HAL_Driver/Src/stm32f4xx_hal.o
 .debug_line    0x00000000000030ee      0xc1e ./Drivers/STM32F4xx_HAL_Driver/Src/stm32f4xx_hal_cortex.o
 .debug_line    0x0000000000003d0c      0xae3 ./Drivers/STM32F4xx_HAL_Driver/Src/stm32f4xx_hal_gpio.o
 .debug_line    0x00000000000047ef      0xce9 ./Drivers/STM32F4xx_HAL_Driver/Src/stm32f4xx_hal_rcc.o
 .debug_line    0x00000000000054d8     0x3663 ./Drivers/STM32F4xx_HAL_Driver/Src/stm32f4xx_hal_tim.o
 .debug_line    0x0000000000008b3b     0x196c ./Drivers/STM32F4xx_HAL_Driver/Src/stm32f4xx_hal_tim_ex.o
 .debug_line    0x000000000000a4a7      0x918 ./third_party/FreeRtos/list.o
 .debug_line    0x000000000000adbf     0x1856 ./third_party/FreeRtos/queue.o
 .debug_line    0x000000000000c615     0x201c ./third_party/FreeRtos/tasks.o
 .debug_line    0x000000000000e631      0xe3a ./third_party/FreeRtos/timers.o
 .debug_line    0x000000000000f46b      0xa9c ./third_party/FreeRtos/portable/GCC/ARM_CM4F/port.o
 .debug_line    0x000000000000ff07      0xb9c ./third_party/FreeRtos/portable/MemMang/heap_4.o
 .debug_line    0x0000000000010aa3      0x6fa ./third_party/Segger/Config/SEGGER_SYSVIEW_Config_FreeRTOS.o
 .debug_line    0x000000000001119d      0xa00 ./third_party/Segger/OS/SEGGER_SYSVIEW_FreeRTOS.o
 .debug_line    0x0000000000011b9d      0xe5d ./third_party/Segger/SEGGER/SEGGER_RTT.o
 .debug_line    0x00000000000129fa       0xa1 ./third_party/Segger/SEGGER/SEGGER_RTT_ASM_ARMv7M.o
 .debug_line    0x0000000000012a9b     0x237a ./third_party/Segger/SEGGER/SEGGER_SYSVIEW.o
 .debug_line    0x0000000000014e15      0xbc6 ./third_party/Segger/serial/segger_uart.o

.debug_str      0x0000000000000000    0xd7585
 .debug_str     0x0000000000000000    0xcaf99 ./Core/Src/main.o
                                      0xcb336 (size before relaxing)
 .debug_str     0x00000000000caf99       0x40 ./Core/Src/stm32f4xx_hal_msp.o
                                      0xc1a10 (size before relaxing)
 .debug_str     0x00000000000cafd9      0x5fe ./Core/Src/stm32f4xx_hal_timebase_tim.o
                                      0xc25a3 (size before relaxing)
 .debug_str     0x00000000000cb5d7       0xb5 ./Core/Src/stm32f4xx_it.o
                                      0xc1ea9 (size before relaxing)
 .debug_str     0x00000000000cb68c       0xdb ./Core/Src/system_stm32f4xx.o
                                      0xc1aac (size before relaxing)
 .debug_str     0x00000000000cb767       0x36 ./Core/Startup/startup_stm32f407vgtx.o
                                         0x7c (size before relaxing)
 .debug_str     0x00000000000cb79d      0x5d3 ./Drivers/STM32F4xx_HAL_Driver/Src/stm32f4xx_hal.o
                                      0xc2630 (size before relaxing)
 .debug_str     0x00000000000cbd70      0x33a ./Drivers/STM32F4xx_HAL_Driver/Src/stm32f4xx_hal_cortex.o
                                      0xc2363 (size before relaxing)
 .debug_str     0x00000000000cc0aa      0x11e ./Drivers/STM32F4xx_HAL_Driver/Src/stm32f4xx_hal_gpio.o
                                      0xc1c27 (size before relaxing)
 .debug_str     0x00000000000cc1c8      0x1fd ./Drivers/STM32F4xx_HAL_Driver/Src/stm32f4xx_hal_rcc.o
                                      0xc1ee0 (size before relaxing)
 .debug_str     0x00000000000cc3c5      0xe69 ./Drivers/STM32F4xx_HAL_Driver/Src/stm32f4xx_hal_tim.o
                                      0xc2e26 (size before relaxing)
 .debug_str     0x00000000000cd22e      0x503 ./Drivers/STM32F4xx_HAL_Driver/Src/stm32f4xx_hal_tim_ex.o
                                      0xc2642 (size before relaxing)
 .debug_str     0x00000000000cd731     0x3009 ./third_party/FreeRtos/list.o
                                       0xed85 (size before relaxing)
 .debug_str     0x00000000000d073a     0x14e6 ./third_party/FreeRtos/queue.o
                                      0x11506 (size before relaxing)
 .debug_str     0x00000000000d1c20     0x1d03 ./third_party/FreeRtos/tasks.o
                                      0x12146 (size before relaxing)
 .debug_str     0x00000000000d3923      0x545 ./third_party/FreeRtos/timers.o
                                      0x11604 (size before relaxing)
 .debug_str     0x00000000000d3e68      0x83a ./third_party/FreeRtos/portable/GCC/ARM_CM4F/port.o
                                       0xd96b (size before relaxing)
 .debug_str     0x00000000000d46a2      0x5d8 ./third_party/FreeRtos/portable/MemMang/heap_4.o
                                      0x105af (size before relaxing)
 .debug_str     0x00000000000d4c7a      0x1b5 ./third_party/Segger/Config/SEGGER_SYSVIEW_Config_FreeRTOS.o
                                       0xb417 (size before relaxing)
 .debug_str     0x00000000000d4e2f       0xf7 ./third_party/Segger/OS/SEGGER_SYSVIEW_FreeRTOS.o
                                       0xffda (size before relaxing)
 .debug_str     0x00000000000d4f26     0x105f ./third_party/Segger/SEGGER/SEGGER_RTT.o
                                       0x77c2 (size before relaxing)
 .debug_str     0x00000000000d5f85       0x35 ./third_party/Segger/SEGGER/SEGGER_RTT_ASM_ARMv7M.o
                                         0x89 (size before relaxing)
 .debug_str     0x00000000000d5fba      0xeff ./third_party/Segger/SEGGER/SEGGER_SYSVIEW.o
                                       0x9a6e (size before relaxing)
 .debug_str     0x00000000000d6eb9      0x6cc ./third_party/Segger/serial/segger_uart.o
                                      0xc7876 (size before relaxing)

.comment        0x0000000000000000       0x50
 .comment       0x0000000000000000       0x50 ./Core/Src/main.o
                                         0x51 (size before relaxing)
 .comment       0x0000000000000050       0x51 ./Core/Src/stm32f4xx_hal_msp.o
 .comment       0x0000000000000050       0x51 ./Core/Src/stm32f4xx_hal_timebase_tim.o
 .comment       0x0000000000000050       0x51 ./Core/Src/stm32f4xx_it.o
 .comment       0x0000000000000050       0x51 ./Core/Src/system_stm32f4xx.o
 .comment       0x0000000000000050       0x51 ./Drivers/STM32F4xx_HAL_Driver/Src/stm32f4xx_hal.o
 .comment       0x0000000000000050       0x51 ./Drivers/STM32F4xx_HAL_Driver/Src/stm32f4xx_hal_cortex.o
 .comment       0x0000000000000050       0x51 ./Drivers/STM32F4xx_HAL_Driver/Src/stm32f4xx_hal_gpio.o
 .comment       0x0000000000000050       0x51 ./Drivers/STM32F4xx_HAL_Driver/Src/stm32f4xx_hal_rcc.o
 .comment       0x0000000000000050       0x51 ./Drivers/STM32F4xx_HAL_Driver/Src/stm32f4xx_hal_tim.o
 .comment       0x0000000000000050       0x51 ./Drivers/STM32F4xx_HAL_Driver/Src/stm32f4xx_hal_tim_ex.o
 .comment       0x0000000000000050       0x51 ./third_party/FreeRtos/list.o
 .comment       0x0000000000000050       0x51 ./third_party/FreeRtos/queue.o
 .comment       0x0000000000000050       0x51 ./third_party/FreeRtos/tasks.o
 .comment       0x0000000000000050       0x51 ./third_party/FreeRtos/timers.o
 .comment       0x0000000000000050       0x51 ./third_party/FreeRtos/portable/GCC/ARM_CM4F/port.o
 .comment       0x0000000000000050       0x51 ./third_party/FreeRtos/portable/MemMang/heap_4.o
 .comment       0x0000000000000050       0x51 ./third_party/Segger/Config/SEGGER_SYSVIEW_Config_FreeRTOS.o
 .comment       0x0000000000000050       0x51 ./third_party/Segger/OS/SEGGER_SYSVIEW_FreeRTOS.o
 .comment       0x0000000000000050       0x51 ./third_party/Segger/SEGGER/SEGGER_RTT.o
 .comment       0x0000000000000050       0x51 ./third_party/Segger/SEGGER/SEGGER_SYSVIEW.o
 .comment       0x0000000000000050       0x51 ./third_party/Segger/serial/segger_uart.o

.debug_frame    0x0000000000000000     0x52ac
 .debug_frame   0x0000000000000000      0x134 ./Core/Src/main.o
 .debug_frame   0x0000000000000134       0x34 ./Core/Src/stm32f4xx_hal_msp.o
 .debug_frame   0x0000000000000168       0x74 ./Core/Src/stm32f4xx_hal_timebase_tim.o
 .debug_frame   0x00000000000001dc       0xc4 ./Core/Src/stm32f4xx_it.o
 .debug_frame   0x00000000000002a0       0x58 ./Core/Src/system_stm32f4xx.o
 .debug_frame   0x00000000000002f8      0x374 ./Drivers/STM32F4xx_HAL_Driver/Src/stm32f4xx_hal.o
 .debug_frame   0x000000000000066c      0x498 ./Drivers/STM32F4xx_HAL_Driver/Src/stm32f4xx_hal_cortex.o
 .debug_frame   0x0000000000000b04      0x14c ./Drivers/STM32F4xx_HAL_Driver/Src/stm32f4xx_hal_gpio.o
 .debug_frame   0x0000000000000c50      0x1f4 ./Drivers/STM32F4xx_HAL_Driver/Src/stm32f4xx_hal_rcc.o
 .debug_frame   0x0000000000000e44     0x11c4 ./Drivers/STM32F4xx_HAL_Driver/Src/stm32f4xx_hal_tim.o
 .debug_frame   0x0000000000002008      0x638 ./Drivers/STM32F4xx_HAL_Driver/Src/stm32f4xx_hal_tim_ex.o
 .debug_frame   0x0000000000002640       0xd8 ./third_party/FreeRtos/list.o
 .debug_frame   0x0000000000002718      0x544 ./third_party/FreeRtos/queue.o
 .debug_frame   0x0000000000002c5c      0x904 ./third_party/FreeRtos/tasks.o
 .debug_frame   0x0000000000003560      0x3c8 ./third_party/FreeRtos/timers.o
 .debug_frame   0x0000000000003928      0x1d0 ./third_party/FreeRtos/portable/GCC/ARM_CM4F/port.o
 .debug_frame   0x0000000000003af8      0x150 ./third_party/FreeRtos/portable/MemMang/heap_4.o
 .debug_frame   0x0000000000003c48       0x48 ./third_party/Segger/Config/SEGGER_SYSVIEW_Config_FreeRTOS.o
 .debug_frame   0x0000000000003c90      0x104 ./third_party/Segger/OS/SEGGER_SYSVIEW_FreeRTOS.o
 .debug_frame   0x0000000000003d94      0x52c ./third_party/Segger/SEGGER/SEGGER_RTT.o
 .debug_frame   0x00000000000042c0      0xd78 ./third_party/Segger/SEGGER/SEGGER_SYSVIEW.o
 .debug_frame   0x0000000000005038      0x178 ./third_party/Segger/serial/segger_uart.o
 .debug_frame   0x00000000000051b0       0x2c /opt/st/stm32cubeide_1.12.1/plugins/com.st.stm32cube.ide.mcu.externaltools.gnu-tools-for-stm32.10.3-2021.10.linux64_1.0.200.202301161003/tools/bin/../lib/gcc/arm-none-eabi/10.3.1/../../../../arm-none-eabi/lib/thumb/v7e-m+fp/hard/libc_nano.a(lib_a-init.o)
 .debug_frame   0x00000000000051dc       0x28 /opt/st/stm32cubeide_1.12.1/plugins/com.st.stm32cube.ide.mcu.externaltools.gnu-tools-for-stm32.10.3-2021.10.linux64_1.0.200.202301161003/tools/bin/../lib/gcc/arm-none-eabi/10.3.1/../../../../arm-none-eabi/lib/thumb/v7e-m+fp/hard/libc_nano.a(lib_a-memcmp.o)
 .debug_frame   0x0000000000005204       0x28 /opt/st/stm32cubeide_1.12.1/plugins/com.st.stm32cube.ide.mcu.externaltools.gnu-tools-for-stm32.10.3-2021.10.linux64_1.0.200.202301161003/tools/bin/../lib/gcc/arm-none-eabi/10.3.1/../../../../arm-none-eabi/lib/thumb/v7e-m+fp/hard/libc_nano.a(lib_a-memcpy-stub.o)
 .debug_frame   0x000000000000522c       0x20 /opt/st/stm32cubeide_1.12.1/plugins/com.st.stm32cube.ide.mcu.externaltools.gnu-tools-for-stm32.10.3-2021.10.linux64_1.0.200.202301161003/tools/bin/../lib/gcc/arm-none-eabi/10.3.1/../../../../arm-none-eabi/lib/thumb/v7e-m+fp/hard/libc_nano.a(lib_a-memset.o)
 .debug_frame   0x000000000000524c       0x2c /opt/st/stm32cubeide_1.12.1/plugins/com.st.stm32cube.ide.mcu.externaltools.gnu-tools-for-stm32.10.3-2021.10.linux64_1.0.200.202301161003/tools/bin/../lib/gcc/arm-none-eabi/10.3.1/thumb/v7e-m+fp/hard/libgcc.a(_aeabi_uldivmod.o)
 .debug_frame   0x0000000000005278       0x34 /opt/st/stm32cubeide_1.12.1/plugins/com.st.stm32cube.ide.mcu.externaltools.gnu-tools-for-stm32.10.3-2021.10.linux64_1.0.200.202301161003/tools/bin/../lib/gcc/arm-none-eabi/10.3.1/thumb/v7e-m+fp/hard/libgcc.a(_udivmoddi4.o)
